Component: ARM Compiler 5.06 update 7 (build 960) Tool: armlink [4d3601]

==============================================================================

Section Cross References

    main.o(i.main) refers to sysclock.o(i.sysClockInit) for sysClockInit
    main.o(i.main) refers to sys_tick.o(i.SysMicroSecondTickInit) for SysMicroSecondTickInit
    main.o(i.main) refers to sys_tick.o(i.SysSecondTickInit) for SysSecondTickInit
    main.o(i.main) refers to owi.o(i.owiInit) for owiInit
    main.o(i.main) refers to rs485.o(i.RS485_Init) for RS485_Init
    main.o(i.main) refers to segger_rtt.o(i.SEGGER_RTT_Init) for SEGGER_RTT_Init
    main.o(i.main) refers to segger_rtt_printf.o(i.SEGGER_RTT_printf) for SEGGER_RTT_printf
    main.o(i.main) refers to rs485.o(i.RS485_CheckRxPoll) for RS485_CheckRxPoll
    main.o(i.main) refers to rs485.o(i.RS485_GetRxQueue) for RS485_GetRxQueue
    main.o(i.main) refers to queue.o(i.xQueueReceive) for xQueueReceive
    main.o(i.main) refers to rs485.o(i.RS485_memset) for RS485_memset
    main.o(i.main) refers to cmdproc_at.o(i.CmdParseAT) for CmdParseAT
    main.o(i.main) refers to owi.o(i.owiEventPoll) for owiEventPoll
    main.o(i.main) refers to main.o(.bss) for rs485Obj
    cmdproc_at.o(i.CmdParseAT) refers to strncasecmp.o(.text) for strncasecmp
    cmdproc_at.o(i.CmdParseAT) refers to cmdproc_at.o(i.CmdSendStr) for CmdSendStr
    cmdproc_at.o(i.CmdParseAT) refers to owi.o(i.owiMode) for owiMode
    cmdproc_at.o(i.CmdParseAT) refers to cmdproc_at.o(i.CmdPrintOwi) for CmdPrintOwi
    cmdproc_at.o(i.CmdParseAT) refers to printfa.o(i.__0sprintf) for __2sprintf
    cmdproc_at.o(i.CmdParseAT) refers to owi.o(i.owiReviseEEPROM) for owiReviseEEPROM
    cmdproc_at.o(i.CmdParseAT) refers to sys_tick.o(i.GetMilliSecondCount) for GetMilliSecondCount
    cmdproc_at.o(i.CmdParseAT) refers to sys_tick.o(i.JudgmentTimeout) for JudgmentTimeout
    cmdproc_at.o(i.CmdParseAT) refers to libmisc.o(i.lib_atoint8_t) for lib_atoint8_t
    cmdproc_at.o(i.CmdParseAT) refers to owi.o(i.owiWriteData) for owiWriteData
    cmdproc_at.o(i.CmdParseAT) refers to owi.o(i.owiEventPoll) for owiEventPoll
    cmdproc_at.o(i.CmdParseAT) refers to ffltui.o(.text) for __aeabi_ui2f
    cmdproc_at.o(i.CmdParseAT) refers to fdiv.o(.text) for __aeabi_fdiv
    cmdproc_at.o(i.CmdParseAT) refers to f2d.o(.text) for __aeabi_f2d
    cmdproc_at.o(i.CmdParseAT) refers to owi.o(i.owiSend) for owiSend
    cmdproc_at.o(i.CmdParseAT) refers to pow.o(i.pow) for pow
    cmdproc_at.o(i.CmdParseAT) refers to cmdproc_at.o(i.bit2dec) for bit2dec
    cmdproc_at.o(i.CmdParseAT) refers to ddiv.o(.text) for __aeabi_ddiv
    cmdproc_at.o(i.CmdParseAT) refers to d2f.o(.text) for __aeabi_d2f
    cmdproc_at.o(i.CmdParseAT) refers to dflti.o(.text) for __aeabi_i2d
    cmdproc_at.o(i.CmdParseAT) refers to cmdproc_at.o(.constdata) for RSP_OK
    cmdproc_at.o(i.CmdParseAT) refers to cmdproc_at.o(.data) for owiDataRxBuff
    cmdproc_at.o(i.CmdParseAT) refers to cmdproc_at.o(.bss) for pRspStr
    cmdproc_at.o(i.CmdParseAT) refers to cmdproc_at.o(.conststring) for .conststring
    cmdproc_at.o(i.CmdParseAT) refers to dmul.o(.text) for __aeabi_dmul
    cmdproc_at.o(i.CmdParseAT) refers to dadd.o(.text) for __aeabi_dadd
    cmdproc_at.o(i.CmdParseAT) refers to dfixi.o(.text) for __aeabi_d2iz
    cmdproc_at.o(i.CmdPrintOwi) refers to owi.o(i.owiWriteData) for owiWriteData
    cmdproc_at.o(i.CmdPrintOwi) refers to owi.o(i.owiEventPoll) for owiEventPoll
    cmdproc_at.o(i.CmdPrintOwi) refers to sys_tick.o(i.GetMilliSecondCount) for GetMilliSecondCount
    cmdproc_at.o(i.CmdPrintOwi) refers to sys_tick.o(i.JudgmentTimeout) for JudgmentTimeout
    cmdproc_at.o(i.CmdPrintOwi) refers to owi.o(i.owiRxPoll) for owiRxPoll
    cmdproc_at.o(i.CmdPrintOwi) refers to owi.o(i.getOwiRxQueue) for getOwiRxQueue
    cmdproc_at.o(i.CmdPrintOwi) refers to queue.o(i.xQueueReceive) for xQueueReceive
    cmdproc_at.o(i.CmdPrintOwi) refers to cmdproc_at.o(.data) for owiDataRxBuff
    cmdproc_at.o(i.CmdSendStr) refers to strlen.o(.text) for strlen
    cmdproc_at.o(i.CmdSendStr) refers to rs485.o(i.RS485_Send) for RS485_Send
    cmdproc_at.o(i.bit2dec) refers to ffltui.o(.text) for __aeabi_ui2f
    cmdproc_at.o(i.bit2dec) refers to f2d.o(.text) for __aeabi_f2d
    cmdproc_at.o(i.bit2dec) refers to pow.o(i.pow) for pow
    cmdproc_at.o(i.bit2dec) refers to dmul.o(.text) for __aeabi_dmul
    cmdproc_at.o(i.bit2dec) refers to dadd.o(.text) for __aeabi_dadd
    cmdproc_at.o(i.bit2dec) refers to d2f.o(.text) for __aeabi_d2f
    cmdproc_at.o(i.bit2dec) refers to fflti.o(.text) for __aeabi_i2f
    sys_tick.o(i.BSTIM_IRQHandler) refers to sys_tick.o(.data) for g_ulSysMicroSecondCount
    sys_tick.o(i.GetMicroSecondCount) refers to sys_tick.o(i.SysMicroSecondTickIsEnabled) for SysMicroSecondTickIsEnabled
    sys_tick.o(i.GetMicroSecondCount) refers to sys_tick.o(i.SysMicroSecondTickEnable) for SysMicroSecondTickEnable
[...]
    .text                                    0x00000120   Section        0  idiv.o(.text)
    .text                                    0x00000148   Section        0  uldiv.o(.text)
    .text                                    0x000001a8   Section        0  ctype_o.o(.text)
    .text                                    0x000001b0   Section        0  memcpya.o(.text)
    .text                                    0x000001d4   Section        0  memseta.o(.text)
    .text                                    0x000001f8   Section        0  strlen.o(.text)
    .text                                    0x00000206   Section        0  strcpy.o(.text)
    .text                                    0x00000218   Section        0  strncasecmp.o(.text)
    .text                                    0x00000246   Section        0  fdiv.o(.text)
    .text                                    0x000002c4   Section        0  dadd.o(.text)
    .text                                    0x0000042c   Section        0  dmul.o(.text)
    .text                                    0x000004fc   Section        0  ddiv.o(.text)
    .text                                    0x000005ec   Section        0  fflti.o(.text)
    .text                                    0x00000602   Section        0  ffltui.o(.text)
    .text                                    0x00000610   Section        0  dflti.o(.text)
    .text                                    0x00000638   Section        0  dfixi.o(.text)
    .text                                    0x00000680   Section        0  f2d.o(.text)
    .text                                    0x000006a8   Section        0  d2f.o(.text)
    .text                                    0x000006e0   Section        0  llshl.o(.text)
    .text                                    0x00000700   Section        0  llushr.o(.text)
    .text                                    0x00000722   Section        0  llsshr.o(.text)
    .text                                    0x00000748   Section        0  tolower.o(.text)
    .text                                    0x00000754   Section        0  iusefp.o(.text)
    .text                                    0x00000754   Section        0  fepilogue.o(.text)
    .text                                    0x000007d6   Section        0  depilogue.o(.text)
    .text                                    0x00000894   Section        0  dscalb.o(.text)
    .text                                    0x000008c0   Section        0  dfixul.o(.text)
    .text                                    0x00000900   Section       40  cdrcmple.o(.text)
    .text                                    0x00000928   Section       36  init.o(.text)
    .text                                    0x0000094c   Section        0  dsqrt.o(.text)
    i.BSTIM_IRQHandler                       0x000009f0   Section        0  sys_tick.o(i.BSTIM_IRQHandler)
    i.CmdParseAT                             0x00000a34   Section        0  cmdproc_at.o(i.CmdParseAT)
    i.CmdPrintOwi                            0x0000102c   Section        0  cmdproc_at.o(i.CmdPrintOwi)
    i.CmdSendStr                             0x00001088   Section        0  cmdproc_at.o(i.CmdSendStr)
    i.FL_BSTIM32_Enable                      0x000010b8   Section        0  sys_tick.o(i.FL_BSTIM32_Enable)
    FL_BSTIM32_Enable                        0x000010b9   Thumb Code    10  sys_tick.o(i.FL_BSTIM32_Enable)
    i.FL_BSTIM32_Init                        0x000010c4   Section        0  fm33lg0xx_fl_bstim32.o(i.FL_BSTIM32_Init)
    i.FL_CDIF_EnableCPUToVAO                 0x000011d4   Section        0  fm33lg0xx_fl_vao.o(i.FL_CDIF_EnableCPUToVAO)
    FL_CDIF_EnableCPUToVAO                   0x000011d5   Thumb Code    10  fm33lg0xx_fl_vao.o(i.FL_CDIF_EnableCPUToVAO)
    i.FL_CDIF_EnableVAOToCPU                 0x000011de   Section        0  fm33lg0xx_fl_vao.o(i.FL_CDIF_EnableVAOToCPU)
    FL_CDIF_EnableVAOToCPU                   0x000011df   Thumb Code    10  fm33lg0xx_fl_vao.o(i.FL_CDIF_EnableVAOToCPU)
    i.FL_CMU_DisableGroup3BusClock           0x000011e8   Section        0  fm33lg0xx_fl_uart.o(i.FL_CMU_DisableGroup3BusClock)
    FL_CMU_DisableGroup3BusClock             0x000011e9   Thumb Code    12  fm33lg0xx_fl_uart.o(i.FL_CMU_DisableGroup3BusClock)
    i.FL_CMU_DisableGroup3OperationClock     0x000011f8   Section        0  fm33lg0xx_fl_uart.o(i.FL_CMU_DisableGroup3OperationClock)
    FL_CMU_DisableGroup3OperationClock       0x000011f9   Thumb Code    12  fm33lg0xx_fl_uart.o(i.FL_CMU_DisableGroup3OperationClock)
    i.FL_CMU_EnableGroup3BusClock            0x00001208   Section        0  fm33lg0xx_fl_uart.o(i.FL_CMU_EnableGroup3BusClock)
    FL_CMU_EnableGroup3BusClock              0x00001209   Thumb Code    12  fm33lg0xx_fl_uart.o(i.FL_CMU_EnableGroup3BusClock)
    i.FL_CMU_EnableGroup3OperationClock      0x00001218   Section        0  fm33lg0xx_fl_uart.o(i.FL_CMU_EnableGroup3OperationClock)
    FL_CMU_EnableGroup3OperationClock        0x00001219   Thumb Code    12  fm33lg0xx_fl_uart.o(i.FL_CMU_EnableGroup3OperationClock)
    i.FL_CMU_GetAHBClockFreq                 0x00001228   Section        0  fm33lg0xx_fl_cmu.o(i.FL_CMU_GetAHBClockFreq)
    i.FL_CMU_GetAPBClockFreq                 0x000012a0   Section        0  fm33lg0xx_fl_cmu.o(i.FL_CMU_GetAPBClockFreq)
    i.FL_CMU_GetPLLClockFreq                 0x00001318   Section        0  fm33lg0xx_fl_cmu.o(i.FL_CMU_GetPLLClockFreq)
    i.FL_CMU_GetRCHFClockFreq                0x000013c4   Section        0  fm33lg0xx_fl_cmu.o(i.FL_CMU_GetRCHFClockFreq)
    i.FL_CMU_GetRCLFClockFreq                0x00001414   Section        0  fm33lg0xx_fl_cmu.o(i.FL_CMU_GetRCLFClockFreq)
    i.FL_CMU_GetSystemClockFreq              0x00001460   Section        0  fm33lg0xx_fl_cmu.o(i.FL_CMU_GetSystemClockFreq)
    i.FL_DelayInit                           0x000014c4   Section        0  fm33lg0xx_fl.o(i.FL_DelayInit)
    i.FL_DelayMs                             0x000014e4   Section        0  fm33lg0xx_fl.o(i.FL_DelayMs)
    i.FL_DelayUs                             0x000014fc   Section        0  fm33lg0xx_fl.o(i.FL_DelayUs)
    i.FL_EXTI_CommonInit                     0x00001540   Section        0  fm33lg0xx_fl_exti.o(i.FL_EXTI_CommonInit)
    i.FL_EXTI_Init                           0x000015a0   Section        0  fm33lg0xx_fl_exti.o(i.FL_EXTI_Init)
    i.FL_GPIO_ClearFlag_EXTI                 0x0000175c   Section        0  fm33lg0xx_fl_exti.o(i.FL_GPIO_ClearFlag_EXTI)
    FL_GPIO_ClearFlag_EXTI                   0x0000175d   Thumb Code     8  fm33lg0xx_fl_exti.o(i.FL_GPIO_ClearFlag_EXTI)
    i.FL_GPIO_DisableDigitalFilter           0x00001764   Section        0  fm33lg0xx_fl_exti.o(i.FL_GPIO_DisableDigitalFilter)
    FL_GPIO_DisableDigitalFilter             0x00001765   Thumb Code    12  fm33lg0xx_fl_exti.o(i.FL_GPIO_DisableDigitalFilter)
    i.FL_GPIO_DisablePinAnalogSwitch         0x00001770   Section        0  fm33lg0xx_fl_gpio.o(i.FL_GPIO_DisablePinAnalogSwitch)
    FL_GPIO_DisablePinAnalogSwitch           0x00001771   Thumb Code    10  fm33lg0xx_fl_gpio.o(i.FL_GPIO_DisablePinAnalogSwitch)
    i.FL_GPIO_DisablePinInput                0x0000177a   Section        0  fm33lg0xx_fl_gpio.o(i.FL_GPIO_DisablePinInput)
    FL_GPIO_DisablePinInput                  0x0000177b   Thumb Code    10  fm33lg0xx_fl_gpio.o(i.FL_GPIO_DisablePinInput)
    i.FL_GPIO_DisablePinOpenDrain            0x00001784   Section        0  fm33lg0xx_fl_gpio.o(i.FL_GPIO_DisablePinOpenDrain)
    FL_GPIO_DisablePinOpenDrain              0x00001785   Thumb Code    10  fm33lg0xx_fl_gpio.o(i.FL_GPIO_DisablePinOpenDrain)
    i.FL_GPIO_DisablePinPullup               0x0000178e   Section        0  fm33lg0xx_fl_gpio.o(i.FL_GPIO_DisablePinPullup)
    FL_GPIO_DisablePinPullup                 0x0000178f   Thumb Code    10  fm33lg0xx_fl_gpio.o(i.FL_GPIO_DisablePinPullup)
    i.FL_GPIO_DisablePinRemap                0x00001798   Section        0  fm33lg0xx_fl_gpio.o(i.FL_GPIO_DisablePinRemap)
    FL_GPIO_DisablePinRemap                  0x00001799   Thumb Code    10  fm33lg0xx_fl_gpio.o(i.FL_GPIO_DisablePinRemap)
    i.FL_GPIO_GetInputPin                    0x000017a2   Section        0  owi.o(i.FL_GPIO_GetInputPin)
    FL_GPIO_GetInputPin                      0x000017a3   Thumb Code    22  owi.o(i.FL_GPIO_GetInputPin)
    i.FL_GPIO_Init                           0x000017b8   Section        0  fm33lg0xx_fl_gpio.o(i.FL_GPIO_Init)
    i.FL_GPIO_ResetOutputPin                 0x000019a0   Section        0  owi.o(i.FL_GPIO_ResetOutputPin)
    FL_GPIO_ResetOutputPin                   0x000019a1   Thumb Code    10  owi.o(i.FL_GPIO_ResetOutputPin)
    i.FL_GPIO_ResetOutputPin                 0x000019aa   Section        0  rs485.o(i.FL_GPIO_ResetOutputPin)
    FL_GPIO_ResetOutputPin                   0x000019ab   Thumb Code    10  rs485.o(i.FL_GPIO_ResetOutputPin)
    i.FL_GPIO_SetExtiLine0                   0x000019b4   Section        0  fm33lg0xx_fl_exti.o(i.FL_GPIO_SetExtiLine0)
    FL_GPIO_SetExtiLine0                     0x000019b5   Thumb Code    12  fm33lg0xx_fl_exti.o(i.FL_GPIO_SetExtiLine0)
    i.FL_GPIO_SetExtiLine1                   0x000019c0   Section        0  fm33lg0xx_fl_exti.o(i.FL_GPIO_SetExtiLine1)
    FL_GPIO_SetExtiLine1                     0x000019c1   Thumb Code    12  fm33lg0xx_fl_exti.o(i.FL_GPIO_SetExtiLine1)
    i.FL_GPIO_SetExtiLine10                  0x000019cc   Section        0  fm33lg0xx_fl_exti.o(i.FL_GPIO_SetExtiLine10)
    FL_GPIO_SetExtiLine10                    0x000019cd   Thumb Code    14  fm33lg0xx_fl_exti.o(i.FL_GPIO_SetExtiLine10)
    i.FL_GPIO_SetExtiLine11                  0x000019da   Section        0  fm33lg0xx_fl_exti.o(i.FL_GPIO_SetExtiLine11)
    FL_GPIO_SetExtiLine11                    0x000019db   Thumb Code    14  fm33lg0xx_fl_exti.o(i.FL_GPIO_SetExtiLine11)
    i.FL_GPIO_SetExtiLine12                  0x000019e8   Section        0  fm33lg0xx_fl_exti.o(i.FL_GPIO_SetExtiLine12)
    FL_GPIO_SetExtiLine12                    0x000019e9   Thumb Code    14  fm33lg0xx_fl_exti.o(i.FL_GPIO_SetExtiLine12)
    i.FL_GPIO_SetExtiLine13                  0x000019f6   Section        0  fm33lg0xx_fl_exti.o(i.FL_GPIO_SetExtiLine13)
    FL_GPIO_SetExtiLine13                    0x000019f7   Thumb Code    14  fm33lg0xx_fl_exti.o(i.FL_GPIO_SetExtiLine13)
    i.FL_GPIO_SetExtiLine14                  0x00001a04   Section        0  fm33lg0xx_fl_exti.o(i.FL_GPIO_SetExtiLine14)
    FL_GPIO_SetExtiLine14                    0x00001a05   Thumb Code    14  fm33lg0xx_fl_exti.o(i.FL_GPIO_SetExtiLine14)
    i.FL_GPIO_SetExtiLine15                  0x00001a12   Section        0  fm33lg0xx_fl_exti.o(i.FL_GPIO_SetExtiLine15)
    FL_GPIO_SetExtiLine15                    0x00001a13   Thumb Code    12  fm33lg0xx_fl_exti.o(i.FL_GPIO_SetExtiLine15)
    i.FL_GPIO_SetExtiLine16                  0x00001a1e   Section        0  fm33lg0xx_fl_exti.o(i.FL_GPIO_SetExtiLine16)
    FL_GPIO_SetExtiLine16                    0x00001a1f   Thumb Code    12  fm33lg0xx_fl_exti.o(i.FL_GPIO_SetExtiLine16)
    i.FL_GPIO_SetExtiLine17                  0x00001a2a   Section        0  fm33lg0xx_fl_exti.o(i.FL_GPIO_SetExtiLine17)
    FL_GPIO_SetExtiLine17                    0x00001a2b   Thumb Code    12  fm33lg0xx_fl_exti.o(i.FL_GPIO_SetExtiLine17)
    i.FL_GPIO_SetExtiLine18                  0x00001a36   Section        0  fm33lg0xx_fl_exti.o(i.FL_GPIO_SetExtiLine18)
    FL_GPIO_SetExtiLine18                    0x00001a37   Thumb Code    12  fm33lg0xx_fl_exti.o(i.FL_GPIO_SetExtiLine18)
    i.FL_GPIO_SetExtiLine2                   0x00001a42   Section        0  fm33lg0xx_fl_exti.o(i.FL_GPIO_SetExtiLine2)
    FL_GPIO_SetExtiLine2                     0x00001a43   Thumb Code    12  fm33lg0xx_fl_exti.o(i.FL_GPIO_SetExtiLine2)
    i.FL_GPIO_SetExtiLine3                   0x00001a4e   Section        0  fm33lg0xx_fl_exti.o(i.FL_GPIO_SetExtiLine3)
    FL_GPIO_SetExtiLine3                     0x00001a4f   Thumb Code    12  fm33lg0xx_fl_exti.o(i.FL_GPIO_SetExtiLine3)
    i.FL_GPIO_SetExtiLine4                   0x00001a5a   Section        0  fm33lg0xx_fl_exti.o(i.FL_GPIO_SetExtiLine4)
    FL_GPIO_SetExtiLine4                     0x00001a5b   Thumb Code    14  fm33lg0xx_fl_exti.o(i.FL_GPIO_SetExtiLine4)
    i.FL_GPIO_SetExtiLine5                   0x00001a68   Section        0  fm33lg0xx_fl_exti.o(i.FL_GPIO_SetExtiLine5)
    FL_GPIO_SetExtiLine5                     0x00001a69   Thumb Code    14  fm33lg0xx_fl_exti.o(i.FL_GPIO_SetExtiLine5)
    i.FL_GPIO_SetExtiLine6                   0x00001a76   Section        0  fm33lg0xx_fl_exti.o(i.FL_GPIO_SetExtiLine6)
    FL_GPIO_SetExtiLine6                     0x00001a77   Thumb Code    14  fm33lg0xx_fl_exti.o(i.FL_GPIO_SetExtiLine6)
    i.FL_GPIO_SetExtiLine7                   0x00001a84   Section        0  fm33lg0xx_fl_exti.o(i.FL_GPIO_SetExtiLine7)
    FL_GPIO_SetExtiLine7                     0x00001a85   Thumb Code    14  fm33lg0xx_fl_exti.o(i.FL_GPIO_SetExtiLine7)
    i.FL_GPIO_SetExtiLine8                   0x00001a92   Section        0  fm33lg0xx_fl_exti.o(i.FL_GPIO_SetExtiLine8)
    FL_GPIO_SetExtiLine8                     0x00001a93   Thumb Code    14  fm33lg0xx_fl_exti.o(i.FL_GPIO_SetExtiLine8)
    i.FL_GPIO_SetExtiLine9                   0x00001aa0   Section        0  fm33lg0xx_fl_exti.o(i.FL_GPIO_SetExtiLine9)
    FL_GPIO_SetExtiLine9                     0x00001aa1   Thumb Code    14  fm33lg0xx_fl_exti.o(i.FL_GPIO_SetExtiLine9)
    i.FL_GPIO_SetOutputPin                   0x00001aae   Section        0  owi.o(i.FL_GPIO_SetOutputPin)
    FL_GPIO_SetOutputPin                     0x00001aaf   Thumb Code    10  owi.o(i.FL_GPIO_SetOutputPin)
    i.FL_GPIO_SetPinMode                     0x00001ab8   Section        0  fm33lg0xx_fl_gpio.o(i.FL_GPIO_SetPinMode)
    FL_GPIO_SetPinMode                       0x00001ab9   Thumb Code    26  fm33lg0xx_fl_gpio.o(i.FL_GPIO_SetPinMode)
    i.FL_GPIO_SetTriggerEdge0                0x00001ad2   Section        0  fm33lg0xx_fl_exti.o(i.FL_GPIO_SetTriggerEdge0)
    FL_GPIO_SetTriggerEdge0                  0x00001ad3   Thumb Code    26  fm33lg0xx_fl_exti.o(i.FL_GPIO_SetTriggerEdge0)
    i.FL_GPIO_SetTriggerEdge1                0x00001aec   Section        0  fm33lg0xx_fl_exti.o(i.FL_GPIO_SetTriggerEdge1)
    FL_GPIO_SetTriggerEdge1                  0x00001aed   Thumb Code    26  fm33lg0xx_fl_exti.o(i.FL_GPIO_SetTriggerEdge1)
    i.FL_GPIO_StructInit                     0x00001b08   Section        0  fm33lg0xx_fl_gpio.o(i.FL_GPIO_StructInit)
    i.FL_LPTIM32_EnableETRFilter             0x00001b24   Section        0  fm33lg0xx_fl_lptim32.o(i.FL_LPTIM32_EnableETRFilter)
    FL_LPTIM32_EnableETRFilter               0x00001b25   Thumb Code    12  fm33lg0xx_fl_lptim32.o(i.FL_LPTIM32_EnableETRFilter)
    i.FL_LPTIM32_Init                        0x00001b30   Section        0  fm33lg0xx_fl_lptim32.o(i.FL_LPTIM32_Init)
    i.FL_LPTIM32_SetETRCountEdge             0x00001d74   Section        0  fm33lg0xx_fl_lptim32.o(i.FL_LPTIM32_SetETRCountEdge)
    FL_LPTIM32_SetETRCountEdge               0x00001d75   Thumb Code    12  fm33lg0xx_fl_lptim32.o(i.FL_LPTIM32_SetETRCountEdge)
    i.FL_LPTIM32_SetETRTriggerEdge           0x00001d80   Section        0  fm33lg0xx_fl_lptim32.o(i.FL_LPTIM32_SetETRTriggerEdge)
    FL_LPTIM32_SetETRTriggerEdge             0x00001d81   Thumb Code    12  fm33lg0xx_fl_lptim32.o(i.FL_LPTIM32_SetETRTriggerEdge)
    i.FL_NVIC_Init                           0x00001d8c   Section        0  fm33lg0xx_fl.o(i.FL_NVIC_Init)
    i.FL_PMU_ClearFlag_WakeupPIN             0x00001dd4   Section        0  fm33lg0xx_it.o(i.FL_PMU_ClearFlag_WakeupPIN)
    FL_PMU_ClearFlag_WakeupPIN               0x00001dd5   Thumb Code     8  fm33lg0xx_it.o(i.FL_PMU_ClearFlag_WakeupPIN)
    i.FL_PMU_IsActiveFlag_WakeupPIN          0x00001ddc   Section        0  fm33lg0xx_it.o(i.FL_PMU_IsActiveFlag_WakeupPIN)
    FL_PMU_IsActiveFlag_WakeupPIN            0x00001ddd   Thumb Code    26  fm33lg0xx_it.o(i.FL_PMU_IsActiveFlag_WakeupPIN)
    i.FL_RMU_DisableResetAPBPeripheral       0x00001df6   Section        0  fm33lg0xx_fl_uart.o(i.FL_RMU_DisableResetAPBPeripheral)
    FL_RMU_DisableResetAPBPeripheral         0x00001df7   Thumb Code    34  fm33lg0xx_fl_uart.o(i.FL_RMU_DisableResetAPBPeripheral)
    i.FL_RMU_EnableResetAPBPeripheral        0x00001e18   Section        0  fm33lg0xx_fl_uart.o(i.FL_RMU_EnableResetAPBPeripheral)
    FL_RMU_EnableResetAPBPeripheral          0x00001e19   Thumb Code    34  fm33lg0xx_fl_uart.o(i.FL_RMU_EnableResetAPBPeripheral)
    i.FL_UART_DeInit                         0x00001e3c   Section        0  fm33lg0xx_fl_uart.o(i.FL_UART_DeInit)
    i.FL_UART_EnableIT_RXBuffFull            0x00001f4c   Section        0  rs485.o(i.FL_UART_EnableIT_RXBuffFull)
    FL_UART_EnableIT_RXBuffFull              0x00001f4d   Thumb Code    12  rs485.o(i.FL_UART_EnableIT_RXBuffFull)
    i.FL_UART_Init                           0x00001f58   Section        0  fm33lg0xx_fl_uart.o(i.FL_UART_Init)
    i.FL_UART_ReadRXBuff                     0x0000223c   Section        0  rs485.o(i.FL_UART_ReadRXBuff)
    FL_UART_ReadRXBuff                       0x0000223d   Thumb Code    10  rs485.o(i.FL_UART_ReadRXBuff)
    i.FL_UART_StructInit                     0x00002246   Section        0  fm33lg0xx_fl_uart.o(i.FL_UART_StructInit)
    i.FL_VAO_XTLF_Init                       0x00002264   Section        0  fm33lg0xx_fl_vao.o(i.FL_VAO_XTLF_Init)
    i.GPIO_IRQHandler                        0x00002384   Section        0  fm33lg0xx_it.o(i.GPIO_IRQHandler)
    i.GetMicroSecondCount                    0x000023b0   Section        0  sys_tick.o(i.GetMicroSecondCount)
    i.GetMilliSecondCount                    0x000023d8   Section        0  sys_tick.o(i.GetMilliSecondCount)
    i.HardFault_Handler                      0x00002410   Section        0  fm33lg0xx_it.o(i.HardFault_Handler)
    i.JudgmentTimeout                        0x00002414   Section        0  sys_tick.o(i.JudgmentTimeout)
    i.LPTIM_IRQHandler                       0x00002424   Section        0  sys_tick.o(i.LPTIM_IRQHandler)
    i.MF_CMU_XTLF_Init                       0x00002458   Section        0  sysclock.o(i.MF_CMU_XTLF_Init)
    i.MF_SWD_IO_Init                         0x00002470   Section        0  sysclock.o(i.MF_SWD_IO_Init)
    i.NMI_Handler                            0x000024b4   Section        0  fm33lg0xx_it.o(i.NMI_Handler)
    i.NVIC_SetPriority                       0x000024e8   Section        0  owi.o(i.NVIC_SetPriority)
    NVIC_SetPriority                         0x000024e9   Thumb Code   110  owi.o(i.NVIC_SetPriority)
    i.NVIC_SetPriority                       0x00002560   Section        0  fm33lg0xx_fl.o(i.NVIC_SetPriority)
    NVIC_SetPriority                         0x00002561   Thumb Code   110  fm33lg0xx_fl.o(i.NVIC_SetPriority)
    i.OWI_IRQHandler                         0x000025d8   Section        0  owi.o(i.OWI_IRQHandler)
    i.RS485_CheckRxPoll                      0x0000262c   Section        0  rs485.o(i.RS485_CheckRxPoll)
    i.RS485_EnableRx                         0x00002688   Section        0  rs485.o(i.RS485_EnableRx)
    i.RS485_GetRxQueue                       0x000026c4   Section        0  rs485.o(i.RS485_GetRxQueue)
    i.RS485_Init                             0x000026d0   Section        0  rs485.o(i.RS485_Init)
    i.RS485_Send                             0x00002754   Section        0  rs485.o(i.RS485_Send)
    i.RS485_SetParam                         0x000027e0   Section        0  rs485.o(i.RS485_SetParam)
    i.RS485_memset                           0x00002888   Section        0  rs485.o(i.RS485_memset)
    i.RTC_IRQHandler                         0x00002898   Section        0  fm33lg0xx_it.o(i.RTC_IRQHandler)
    i.SEGGER_RTT_Init                        0x000028bc   Section        0  segger_rtt.o(i.SEGGER_RTT_Init)
    i.SEGGER_RTT_Write                       0x000028c4   Section        0  segger_rtt.o(i.SEGGER_RTT_Write)
    i.SEGGER_RTT_WriteNoLock                 0x0000290c   Section        0  segger_rtt.o(i.SEGGER_RTT_WriteNoLock)
    i.SEGGER_RTT_printf                      0x00002990   Section        0  segger_rtt_printf.o(i.SEGGER_RTT_printf)
    i.SEGGER_RTT_vprintf                     0x000029b4   Section        0  segger_rtt_printf.o(i.SEGGER_RTT_vprintf)
    i.SysMicroSecondTickEnable               0x00002bcc   Section        0  sys_tick.o(i.SysMicroSecondTickEnable)
    i.SysMicroSecondTickInit                 0x00002bdc   Section        0  sys_tick.o(i.SysMicroSecondTickInit)
    i.SysMicroSecondTickIsEnabled            0x00002c40   Section        0  sys_tick.o(i.SysMicroSecondTickIsEnabled)
    i.SysSecondIrqHandler                    0x00002c58   Section        0  sys_tick.o(i.SysSecondIrqHandler)
    i.SysSecondTickInit                      0x00002c68   Section        0  sys_tick.o(i.SysSecondTickInit)
    i.SysTick_Handler                        0x00002cd0   Section        0  fm33lg0xx_it.o(i.SysTick_Handler)
    i.SystemCoreClockUpdate                  0x00002cd4   Section        0  system_fm33lg0xx.o(i.SystemCoreClockUpdate)
    i.SystemInit                             0x00002e10   Section        0  system_fm33lg0xx.o(i.SystemInit)
    i.SystemPLLClockUpdate                   0x00002f0c   Section        0  system_fm33lg0xx.o(i.SystemPLLClockUpdate)
    SystemPLLClockUpdate                     0x00002f0d   Thumb Code   182  system_fm33lg0xx.o(i.SystemPLLClockUpdate)
    i.UART1_IRQHandler                       0x00002fdc   Section        0  rs485.o(i.UART1_IRQHandler)
    i._DoInit                                0x0000309c   Section        0  segger_rtt.o(i._DoInit)
    _DoInit                                  0x0000309d   Thumb Code    74  segger_rtt.o(i._DoInit)
    i._GetAvailWriteSpace                    0x0000310c   Section        0  segger_rtt.o(i._GetAvailWriteSpace)
    _GetAvailWriteSpace                      0x0000310d   Thumb Code    28  segger_rtt.o(i._GetAvailWriteSpace)
    i._PrintInt                              0x00003128   Section        0  segger_rtt_printf.o(i._PrintInt)
    _PrintInt                                0x00003129   Thumb Code   270  segger_rtt_printf.o(i._PrintInt)
    i._PrintUnsigned                         0x00003238   Section        0  segger_rtt_printf.o(i._PrintUnsigned)
    _PrintUnsigned                           0x00003239   Thumb Code   280  segger_rtt_printf.o(i._PrintUnsigned)
    i._StoreChar                             0x00003354   Section        0  segger_rtt_printf.o(i._StoreChar)
    _StoreChar                               0x00003355   Thumb Code    68  segger_rtt_printf.o(i._StoreChar)
    i._WriteBlocking                         0x00003398   Section        0  segger_rtt.o(i._WriteBlocking)
    _WriteBlocking                           0x00003399   Thumb Code   122  segger_rtt.o(i._WriteBlocking)
    i._WriteNoCheck                          0x00003412   Section        0  segger_rtt.o(i._WriteNoCheck)
    _WriteNoCheck                            0x00003413   Thumb Code    74  segger_rtt.o(i._WriteNoCheck)
    i.__0sprintf                             0x0000345c   Section        0  printfa.o(i.__0sprintf)
    i.__ARM_clz                              0x00003484   Section        0  depilogue.o(i.__ARM_clz)
    i.__ARM_common_switch8                   0x000034b2   Section        0  system_fm33lg0xx.o(i.__ARM_common_switch8)
    i.__ARM_fpclassify                       0x000034d0   Section        0  fpclassify.o(i.__ARM_fpclassify)
    i.__kernel_poly                          0x000034fc   Section        0  poly.o(i.__kernel_poly)
    i.__mathlib_dbl_divzero                  0x000035a8   Section        0  dunder.o(i.__mathlib_dbl_divzero)
    i.__mathlib_dbl_infnan2                  0x000035bc   Section        0  dunder.o(i.__mathlib_dbl_infnan2)
    i.__mathlib_dbl_invalid                  0x000035c4   Section        0  dunder.o(i.__mathlib_dbl_invalid)
    i.__mathlib_dbl_overflow                 0x000035d4   Section        0  dunder.o(i.__mathlib_dbl_overflow)
    i.__mathlib_dbl_underflow                0x000035e8   Section        0  dunder.o(i.__mathlib_dbl_underflow)
    i.__scatterload_copy                     0x000035fc   Section       14  handlers.o(i.__scatterload_copy)
    i.__scatterload_null                     0x0000360a   Section        2  handlers.o(i.__scatterload_null)
    i.__scatterload_zeroinit                 0x0000360c   Section       14  handlers.o(i.__scatterload_zeroinit)
    i.__set_errno                            0x0000361c   Section        0  errno.o(i.__set_errno)
    i._fp_digits                             0x00003628   Section        0  printfa.o(i._fp_digits)
    _fp_digits                               0x00003629   Thumb Code   344  printfa.o(i._fp_digits)
    i._printf_core                           0x0000379c   Section        0  printfa.o(i._printf_core)
    _printf_core                             0x0000379d   Thumb Code  1760  printfa.o(i._printf_core)
    i._printf_post_padding                   0x00003e8c   Section        0  printfa.o(i._printf_post_padding)
    _printf_post_padding                     0x00003e8d   Thumb Code    32  printfa.o(i._printf_post_padding)
    i._printf_pre_padding                    0x00003eac   Section        0  printfa.o(i._printf_pre_padding)
    _printf_pre_padding                      0x00003ead   Thumb Code    44  printfa.o(i._printf_pre_padding)
    i._sputc                                 0x00003ed8   Section        0  printfa.o(i._sputc)
    _sputc                                   0x00003ed9   Thumb Code    10  printfa.o(i._sputc)
    i.bit2dec                                0x00003ee4   Section        0  cmdproc_at.o(i.bit2dec)
    i.getOwiRxQueue                          0x00004040   Section        0  owi.o(i.getOwiRxQueue)
    i.lib_atoint8_t                          0x00004060   Section        0  libmisc.o(i.lib_atoint8_t)
    i.lib_memset                             0x0000412e   Section        0  libstdc.o(i.lib_memset)
    i.main                                   0x00004150   Section        0  main.o(i.main)
    i.malloc                                 0x000041bc   Section        0  malloc.o(i.malloc)
    i.owiEventPoll                           0x00004228   Section        0  owi.o(i.owiEventPoll)
    i.owiInit                                0x000042a0   Section        0  owi.o(i.owiInit)
    i.owiMode                                0x000043c8   Section        0  owi.o(i.owiMode)
    i.owiReviseEEPROM                        0x00004470   Section        0  owi.o(i.owiReviseEEPROM)
    i.owiRxPoll                              0x000044c4   Section        0  owi.o(i.owiRxPoll)
    i.owiSend                                0x000045b0   Section        0  owi.o(i.owiSend)
    i.owiSendByte                            0x000045ec   Section        0  owi.o(i.owiSendByte)
    i.owiSendDataPrefix                      0x00004682   Section        0  owi.o(i.owiSendDataPrefix)
    i.owiSendOne                             0x000046e0   Section        0  owi.o(i.owiSendOne)
    i.owiSendZero                            0x0000473c   Section        0  owi.o(i.owiSendZero)
    i.owiStart                               0x00004798   Section        0  owi.o(i.owiStart)
    i.owiStop                                0x000047d4   Section        0  owi.o(i.owiStop)
    i.owiWriteData                           0x00004800   Section        0  owi.o(i.owiWriteData)
    i.pow                                    0x00004834   Section        0  pow.o(i.pow)
    i.qdelay_us                              0x00005230   Section        0  queue.o(i.qdelay_us)
    i.sqrt                                   0x00005248   Section        0  sqrt.o(i.sqrt)
    i.sysClockInit                           0x00005290   Section        0  sysclock.o(i.sysClockInit)
    i.xQueueCreate                           0x000053f4   Section        0  queue.o(i.xQueueCreate)
    i.xQueuePeek                             0x00005432   Section        0  queue.o(i.xQueuePeek)
    i.xQueueReceive                          0x000054a6   Section        0  queue.o(i.xQueueReceive)
    i.xQueueSend                             0x0000559c   Section        0  queue.o(i.xQueueSend)
    .constdata                               0x00005682   Section      556  cmdproc_at.o(.constdata)
    .constdata                               0x000058ae   Section        3  owi.o(.constdata)
    .constdata                               0x000058b1   Section       16  segger_rtt_printf.o(.constdata)
    _aV2C                                    0x000058b1   Data          16  segger_rtt_printf.o(.constdata)
    .constdata                               0x000058c4   Section       84  fm33lg0xx_fl_exti.o(.constdata)
    setExtiLineFuncs                         0x000058c4   Data          76  fm33lg0xx_fl_exti.o(.constdata)
    setTrigEdgeFuncs                         0x00005910   Data           8  fm33lg0xx_fl_exti.o(.constdata)
    .constdata                               0x00005918   Section      136  pow.o(.constdata)
    bp                                       0x00005918   Data          16  pow.o(.constdata)
    dp_h                                     0x00005928   Data          16  pow.o(.constdata)
    dp_l                                     0x00005938   Data          16  pow.o(.constdata)
    L                                        0x00005948   Data          48  pow.o(.constdata)
    P                                        0x00005978   Data          40  pow.o(.constdata)
    .constdata                               0x000059a0   Section      129  ctype_o.o(.constdata)
    .constdata                               0x00005a24   Section        4  ctype_o.o(.constdata)
    table                                    0x00005a24   Data           4  ctype_o.o(.constdata)
    .constdata                               0x00005a28   Section        8  qnan.o(.constdata)
    .conststring                             0x00005a30   Section      167  cmdproc_at.o(.conststring)
    .data                                    0x20000000   Section        9  cmdproc_at.o(.data)
    .data                                    0x2000000c   Section       24  sys_tick.o(.data)
    g_ulMilliTimerUseDoTick                  0x20000018   Data           4  sys_tick.o(.data)
    g_ulMicroTimerDoTick                     0x2000001c   Data           4  sys_tick.o(.data)
    g_unMicroCountUseFlag                    0x20000020   Data           2  sys_tick.o(.data)
    g_unLastMicroCountUseFlag                0x20000022   Data           2  sys_tick.o(.data)
    .data                                    0x20000024   Section       42  owi.o(.data)
    owiRxTickBuff                            0x20000040   Data           8  owi.o(.data)
    .data                                    0x20000050   Section        8  rs485.o(.data)
    .data                                    0x20000058   Section       12  system_fm33lg0xx.o(.data)
    .data                                    0x20000064   Section        4  mvars.o(.data)
    .data                                    0x20000068   Section        4  mvars.o(.data)
    .data                                    0x2000006c   Section        4  errno.o(.data)
    _errno                                   0x2000006c   Data           4  errno.o(.data)
    .bss                                     0x20000070   Section      140  main.o(.bss)
    rs485Obj                                 0x20000070   Data         140  main.o(.bss)
    .bss                                     0x200000fc   Section      512  cmdproc_at.o(.bss)
    .bss                                     0x200002fc   Section       11  owi.o(.bss)
    .bss                                     0x20000308   Section      140  rs485.o(.bss)
    rs485Obj                                 0x20000308   Data         140  rs485.o(.bss)
    .bss                                     0x20000394   Section     1208  segger_rtt.o(.bss)
    _acUpBuffer                              0x2000043c   Data        1024  segger_rtt.o(.bss)
    _acDownBuffer                            0x2000083c   Data          16  segger_rtt.o(.bss)
    HEAP                                     0x20000850   Section     2048  startup_fm33lg0xx.o(HEAP)
    STACK                                    0x20001050   Section     2048  startup_fm33lg0xx.o(STACK)

    Global Symbols

    Symbol Name                              Value     Ov Type        Size  Object(Section)

    BuildAttributes$$THM_ISAv3M$S$PE$A:L22$X:L11$S22$IEEE1$IW$USESV6$~STKCKD$USESV7$~SHL$OTIME$ROPI$IEEEX$EBA8$MICROLIB$REQ8$PRES8$EABIv2 0x00000000   Number         0  anon$$obj.o ABSOLUTE
    __ARM_use_no_argv                        0x00000000   Number         0  main.o ABSOLUTE
    __Vectors                                0x00000000   Data           4  startup_fm33lg0xx.o(RESET)
    _printf_a                                0x00000000   Number         0  stubs.o ABSOLUTE
    _printf_c                                0x00000000   Number         0  stubs.o ABSOLUTE
    _printf_charcount                        0x00000000   Number         0  stubs.o ABSOLUTE
    _printf_d                                0x00000000   Number         0  stubs.o ABSOLUTE
    _printf_e                                0x00000000   Number         0  stubs.o ABSOLUTE
    _printf_f                                0x00000000   Number         0  stubs.o ABSOLUTE
    _printf_flags                            0x00000000   Number         0  stubs.o ABSOLUTE
    _printf_fp_dec                           0x00000000   Number         0  stubs.o ABSOLUTE
    _printf_fp_hex                           0x00000000   Number         0  stubs.o ABSOLUTE
    _printf_g                                0x00000000   Number         0  stubs.o ABSOLUTE
    _printf_i                                0x00000000   Number         0  stubs.o ABSOLUTE
    _printf_int_dec                          0x00000000   Number         0  stubs.o ABSOLUTE
    _printf_l                                0x00000000   Number         0  stubs.o ABSOLUTE
    _printf_lc                               0x00000000   Number         0  stubs.o ABSOLUTE
    _printf_ll                               0x00000000   Number         0  stubs.o ABSOLUTE
    _printf_lld                              0x00000000   Number         0  stubs.o ABSOLUTE
    _printf_lli                              0x00000000   Number         0  stubs.o ABSOLUTE
    _printf_llo                              0x00000000   Number         0  stubs.o ABSOLUTE
    _printf_llu                              0x00000000   Number         0  stubs.o ABSOLUTE
    _printf_llx                              0x00000000   Number         0  stubs.o ABSOLUTE
    _printf_longlong_dec                     0x00000000   Number         0  stubs.o ABSOLUTE
    _printf_longlong_hex                     0x00000000   Number         0  stubs.o ABSOLUTE
    _printf_longlong_oct                     0x00000000   Number         0  stubs.o ABSOLUTE
    _printf_ls                               0x00000000   Number         0  stubs.o ABSOLUTE
    _printf_mbtowc                           0x00000000   Number         0  stubs.o ABSOLUTE
    _printf_n                                0x00000000   Number         0  stubs.o ABSOLUTE
    _printf_o                                0x00000000   Number         0  stubs.o ABSOLUTE
    _printf_p                                0x00000000   Number         0  stubs.o ABSOLUTE
    _printf_percent                          0x00000000   Number         0  stubs.o ABSOLUTE
    _printf_pre_padding                      0x00000000   Number         0  stubs.o ABSOLUTE
    _printf_return_value                     0x00000000   Number         0  stubs.o ABSOLUTE
    _printf_s                                0x00000000   Number         0  stubs.o ABSOLUTE
    _printf_sizespec                         0x00000000   Number         0  stubs.o ABSOLUTE
    _printf_str                              0x00000000   Number         0  stubs.o ABSOLUTE
    _printf_truncate_signed                  0x00000000   Number         0  stubs.o ABSOLUTE
    _printf_truncate_unsigned                0x00000000   Number         0  stubs.o ABSOLUTE
    _printf_u                                0x00000000   Number         0  stubs.o ABSOLUTE
    _printf_wc                               0x00000000   Number         0  stubs.o ABSOLUTE
    _printf_wctomb                           0x00000000   Number         0  stubs.o ABSOLUTE
    _printf_widthprec                        0x00000000   Number         0  stubs.o ABSOLUTE
    _printf_x                                0x00000000   Number         0  stubs.o ABSOLUTE
    __arm_fini_                               - Undefined Weak Reference
    __cpp_initialize__aeabi_                  - Undefined Weak Reference
    __cxa_finalize                            - Undefined Weak Reference
    __decompress                              - Undefined Weak Reference
    _clock_init                               - Undefined Weak Reference
    _microlib_exit                            - Undefined Weak Reference
    __Vectors_End                            0x000000c0   Data           0  startup_fm33lg0xx.o(RESET)
    __Vectors_Size                           0x000000c0   Number         0  startup_fm33lg0xx.o ABSOLUTE
    __main                                   0x000000c1   Thumb Code     0  entry.o(.ARM.Collect$$$$00000000)
    _main_stk                                0x000000c1   Thumb Code     0  entry2.o(.ARM.Collect$$$$00000001)
    _main_scatterload                        0x000000c5   Thumb Code     0  entry5.o(.ARM.Collect$$$$00000004)
    __main_after_scatterload                 0x000000c9   Thumb Code     0  entry5.o(.ARM.Collect$$$$00000004)
    _main_clock                              0x000000c9   Thumb Code     0  entry7b.o(.ARM.Collect$$$$00000008)
    _main_cpp_init                           0x000000c9   Thumb Code     0  entry8b.o(.ARM.Collect$$$$0000000A)
    _main_init                               0x000000c9   Thumb Code     0  entry9a.o(.ARM.Collect$$$$0000000B)
    __rt_lib_shutdown_fini                   0x000000d1   Thumb Code     0  entry12b.o(.ARM.Collect$$$$0000000E)
    __rt_final_cpp                           0x000000d5   Thumb Code     0  entry10a.o(.ARM.Collect$$$$0000000F)
    __rt_final_exit                          0x000000d5   Thumb Code     0  entry11a.o(.ARM.Collect$$$$00000011)
    Reset_Handler                            0x000000d9   Thumb Code     8  startup_fm33lg0xx.o(.text)
    SVC_Handler                              0x000000e5   Thumb Code     2  startup_fm33lg0xx.o(.text)
    PendSV_Handler                           0x000000e7   Thumb Code     2  startup_fm33lg0xx.o(.text)
    ADC_IRQHandler                           0x000000eb   Thumb Code     0  startup_fm33lg0xx.o(.text)
    AES_IRQHandler                           0x000000eb   Thumb Code     0  startup_fm33lg0xx.o(.text)
    ATIM_IRQHandler                          0x000000eb   Thumb Code     0  startup_fm33lg0xx.o(.text)
    CAN_IRQHandler                           0x000000eb   Thumb Code     0  startup_fm33lg0xx.o(.text)
    CCL_IRQHandler                           0x000000eb   Thumb Code     0  startup_fm33lg0xx.o(.text)
    COMPx_IRQHandler                         0x000000eb   Thumb Code     0  startup_fm33lg0xx.o(.text)
    DAC_IRQHandler                           0x000000eb   Thumb Code     0  startup_fm33lg0xx.o(.text)
    DMA_IRQHandler                           0x000000eb   Thumb Code     0  startup_fm33lg0xx.o(.text)
    FDET_IRQHandler                          0x000000eb   Thumb Code     0  startup_fm33lg0xx.o(.text)
    FLASH_IRQHandler                         0x000000eb   Thumb Code     0  startup_fm33lg0xx.o(.text)
    GPTIM0_1_IRQHandler                      0x000000eb   Thumb Code     0  startup_fm33lg0xx.o(.text)
    GPTIM2_IRQHandler                        0x000000eb   Thumb Code     0  startup_fm33lg0xx.o(.text)
    I2C_IRQHandler                           0x000000eb   Thumb Code     0  startup_fm33lg0xx.o(.text)
    LPUARTx_IRQHandler                       0x000000eb   Thumb Code     0  startup_fm33lg0xx.o(.text)
    LUT_IRQHandler                           0x000000eb   Thumb Code     0  startup_fm33lg0xx.o(.text)
    SPI0_IRQHandler                          0x000000eb   Thumb Code     0  startup_fm33lg0xx.o(.text)
    SPI1_IRQHandler                          0x000000eb   Thumb Code     0  startup_fm33lg0xx.o(.text)
    SPI2_IRQHandler                          0x000000eb   Thumb Code     0  startup_fm33lg0xx.o(.text)
    SVD_IRQHandler                           0x000000eb   Thumb Code     0  startup_fm33lg0xx.o(.text)
    U7816_IRQHandler                         0x000000eb   Thumb Code     0  startup_fm33lg0xx.o(.text)
    UART0_IRQHandler                         0x000000eb   Thumb Code     0  startup_fm33lg0xx.o(.text)
    UART3_IRQHandler                         0x000000eb   Thumb Code     0  startup_fm33lg0xx.o(.text)
    UART4_IRQHandler                         0x000000eb   Thumb Code     0  startup_fm33lg0xx.o(.text)
    UART5_IRQHandler                         0x000000eb   Thumb Code     0  startup_fm33lg0xx.o(.text)
    VREF_IRQHandler                          0x000000eb   Thumb Code     0  startup_fm33lg0xx.o(.text)
    WDT_IRQHandler                           0x000000eb   Thumb Code     0  startup_fm33lg0xx.o(.text)
    WKUPx_IRQHandler                         0x000000eb   Thumb Code     0  startup_fm33lg0xx.o(.text)
    __aeabi_uidiv                            0x000000f5   Thumb Code     0  uidiv.o(.text)
    __aeabi_uidivmod                         0x000000f5   Thumb Code    44  uidiv.o(.text)
    __aeabi_idiv                             0x00000121   Thumb Code     0  idiv.o(.text)
    __aeabi_idivmod                          0x00000121   Thumb Code    40  idiv.o(.text)
    __aeabi_uldivmod                         0x00000149   Thumb Code    96  uldiv.o(.text)
    __rt_ctype_table                         0x000001a9   Thumb Code     4  ctype_o.o(.text)
    __aeabi_memcpy                           0x000001b1   Thumb Code    36  memcpya.o(.text)
    __aeabi_memcpy4                          0x000001b1   Thumb Code     0  memcpya.o(.text)
    __aeabi_memcpy8                          0x000001b1   Thumb Code     0  memcpya.o(.text)
    __aeabi_memset                           0x000001d5   Thumb Code    14  memseta.o(.text)
    __aeabi_memset4                          0x000001d5   Thumb Code     0  memseta.o(.text)
    __aeabi_memset8                          0x000001d5   Thumb Code     0  memseta.o(.text)
    __aeabi_memclr                           0x000001e3   Thumb Code     4  memseta.o(.text)
    __aeabi_memclr4                          0x000001e3   Thumb Code     0  memseta.o(.text)
    __aeabi_memclr8                          0x000001e3   Thumb Code     0  memseta.o(.text)
    _memset$wrapper                          0x000001e7   Thumb Code    18  memseta.o(.text)
    strlen                                   0x000001f9   Thumb Code    14  strlen.o(.text)
    strcpy                                   0x00000207   Thumb Code    18  strcpy.o(.text)
    strncasecmp                              0x00000219   Thumb Code    46  strncasecmp.o(.text)
    __aeabi_fdiv                             0x00000247   Thumb Code   124  fdiv.o(.text)
    __aeabi_dadd                             0x000002c5   Thumb Code   330  dadd.o(.text)
    __aeabi_dsub                             0x0000040f   Thumb Code    12  dadd.o(.text)
    __aeabi_drsub                            0x0000041b   Thumb Code    12  dadd.o(.text)
    __aeabi_dmul                             0x0000042d   Thumb Code   202  dmul.o(.text)
    __aeabi_ddiv                             0x000004fd   Thumb Code   234  ddiv.o(.text)
    __aeabi_i2f                              0x000005ed   Thumb Code    22  fflti.o(.text)
    __aeabi_ui2f                             0x00000603   Thumb Code    14  ffltui.o(.text)
    __aeabi_i2d                              0x00000611   Thumb Code    34  dflti.o(.text)
    __aeabi_d2iz                             0x00000639   Thumb Code    62  dfixi.o(.text)
    __aeabi_f2d                              0x00000681   Thumb Code    40  f2d.o(.text)
    __aeabi_d2f                              0x000006a9   Thumb Code    56  d2f.o(.text)
    __aeabi_llsl                             0x000006e1   Thumb Code    32  llshl.o(.text)
    _ll_shift_l                              0x000006e1   Thumb Code     0  llshl.o(.text)
    __aeabi_llsr                             0x00000701   Thumb Code    34  llushr.o(.text)
    _ll_ushift_r                             0x00000701   Thumb Code     0  llushr.o(.text)
    __aeabi_lasr                             0x00000723   Thumb Code    38  llsshr.o(.text)
    _ll_sshift_r                             0x00000723   Thumb Code     0  llsshr.o(.text)
    tolower                                  0x00000749   Thumb Code    12  tolower.o(.text)
    __I$use$fp                               0x00000755   Thumb Code     0  iusefp.o(.text)
    _float_round                             0x00000755   Thumb Code    16  fepilogue.o(.text)
    _float_epilogue                          0x00000765   Thumb Code   114  fepilogue.o(.text)
    _double_round                            0x000007d7   Thumb Code    26  depilogue.o(.text)
    _double_epilogue                         0x000007f1   Thumb Code   164  depilogue.o(.text)
    __ARM_scalbn                             0x00000895   Thumb Code    44  dscalb.o(.text)
    scalbn                                   0x00000895   Thumb Code     0  dscalb.o(.text)
    __aeabi_d2ulz                            0x000008c1   Thumb Code    54  dfixul.o(.text)
    __aeabi_cdrcmple                         0x00000901   Thumb Code    38  cdrcmple.o(.text)
    __scatterload                            0x00000929   Thumb Code    28  init.o(.text)
    __scatterload_rt2                        0x00000929   Thumb Code     0  init.o(.text)
    _dsqrt                                   0x0000094d   Thumb Code   162  dsqrt.o(.text)
    BSTIM_IRQHandler                         0x000009f1   Thumb Code    58  sys_tick.o(i.BSTIM_IRQHandler)
    CmdParseAT                               0x00000a35   Thumb Code  1454  cmdproc_at.o(i.CmdParseAT)
    CmdPrintOwi                              0x0000102d   Thumb Code    86  cmdproc_at.o(i.CmdPrintOwi)
    CmdSendStr                               0x00001089   Thumb Code    48  cmdproc_at.o(i.CmdSendStr)
    FL_BSTIM32_Init                          0x000010c5   Thumb Code   264  fm33lg0xx_fl_bstim32.o(i.FL_BSTIM32_Init)
    FL_CMU_GetAHBClockFreq                   0x00001229   Thumb Code   114  fm33lg0xx_fl_cmu.o(i.FL_CMU_GetAHBClockFreq)
    FL_CMU_GetAPBClockFreq                   0x000012a1   Thumb Code   114  fm33lg0xx_fl_cmu.o(i.FL_CMU_GetAPBClockFreq)
    FL_CMU_GetPLLClockFreq                   0x00001319   Thumb Code   162  fm33lg0xx_fl_cmu.o(i.FL_CMU_GetPLLClockFreq)
    FL_CMU_GetRCHFClockFreq                  0x000013c5   Thumb Code    60  fm33lg0xx_fl_cmu.o(i.FL_CMU_GetRCHFClockFreq)
    FL_CMU_GetRCLFClockFreq                  0x00001415   Thumb Code    70  fm33lg0xx_fl_cmu.o(i.FL_CMU_GetRCLFClockFreq)
    FL_CMU_GetSystemClockFreq                0x00001461   Thumb Code    86  fm33lg0xx_fl_cmu.o(i.FL_CMU_GetSystemClockFreq)
    FL_DelayInit                             0x000014c5   Thumb Code    26  fm33lg0xx_fl.o(i.FL_DelayInit)
    FL_DelayMs                               0x000014e5   Thumb Code    24  fm33lg0xx_fl.o(i.FL_DelayMs)
    FL_DelayUs                               0x000014fd   Thumb Code    56  fm33lg0xx_fl.o(i.FL_DelayUs)
    FL_EXTI_CommonInit                       0x00001541   Thumb Code    92  fm33lg0xx_fl_exti.o(i.FL_EXTI_CommonInit)
    FL_EXTI_Init                             0x000015a1   Thumb Code   418  fm33lg0xx_fl_exti.o(i.FL_EXTI_Init)
    FL_GPIO_Init                             0x000017b9   Thumb Code   470  fm33lg0xx_fl_gpio.o(i.FL_GPIO_Init)
    FL_GPIO_StructInit                       0x00001b09   Thumb Code    22  fm33lg0xx_fl_gpio.o(i.FL_GPIO_StructInit)
    FL_LPTIM32_Init                          0x00001b31   Thumb Code   570  fm33lg0xx_fl_lptim32.o(i.FL_LPTIM32_Init)
    FL_NVIC_Init                             0x00001d8d   Thumb Code    68  fm33lg0xx_fl.o(i.FL_NVIC_Init)
    FL_UART_DeInit                           0x00001e3d   Thumb Code   244  fm33lg0xx_fl_uart.o(i.FL_UART_DeInit)
    FL_UART_Init                             0x00001f59   Thumb Code   712  fm33lg0xx_fl_uart.o(i.FL_UART_Init)
    FL_UART_StructInit                       0x00002247   Thumb Code    28  fm33lg0xx_fl_uart.o(i.FL_UART_StructInit)
    FL_VAO_XTLF_Init                         0x00002265   Thumb Code   278  fm33lg0xx_fl_vao.o(i.FL_VAO_XTLF_Init)
    GPIO_IRQHandler                          0x00002385   Thumb Code    38  fm33lg0xx_it.o(i.GPIO_IRQHandler)
    GetMicroSecondCount                      0x000023b1   Thumb Code    30  sys_tick.o(i.GetMicroSecondCount)
    GetMilliSecondCount                      0x000023d9   Thumb Code    44  sys_tick.o(i.GetMilliSecondCount)
    HardFault_Handler                        0x00002411   Thumb Code     4  fm33lg0xx_it.o(i.HardFault_Handler)
    JudgmentTimeout                          0x00002415   Thumb Code    16  sys_tick.o(i.JudgmentTimeout)
    LPTIM_IRQHandler                         0x00002425   Thumb Code    48  sys_tick.o(i.LPTIM_IRQHandler)
    MF_CMU_XTLF_Init                         0x00002459   Thumb Code    20  sysclock.o(i.MF_CMU_XTLF_Init)
    MF_SWD_IO_Init                           0x00002471   Thumb Code    62  sysclock.o(i.MF_SWD_IO_Init)
    NMI_Handler                              0x000024b5   Thumb Code    46  fm33lg0xx_it.o(i.NMI_Handler)
    OWI_IRQHandler                           0x000025d9   Thumb Code    72  owi.o(i.OWI_IRQHandler)
    RS485_CheckRxPoll                        0x0000262d   Thumb Code    84  rs485.o(i.RS485_CheckRxPoll)
    RS485_EnableRx                           0x00002689   Thumb Code    46  rs485.o(i.RS485_EnableRx)
    RS485_GetRxQueue                         0x000026c5   Thumb Code     6  rs485.o(i.RS485_GetRxQueue)
    RS485_Init                               0x000026d1   Thumb Code   124  rs485.o(i.RS485_Init)
    RS485_Send                               0x00002755   Thumb Code   132  rs485.o(i.RS485_Send)
    RS485_SetParam                           0x000027e1   Thumb Code   158  rs485.o(i.RS485_SetParam)
    RS485_memset                             0x00002889   Thumb Code    12  rs485.o(i.RS485_memset)
    RTC_IRQHandler                           0x00002899   Thumb Code    30  fm33lg0xx_it.o(i.RTC_IRQHandler)
    SEGGER_RTT_Init                          0x000028bd   Thumb Code     8  segger_rtt.o(i.SEGGER_RTT_Init)
    SEGGER_RTT_Write                         0x000028c5   Thumb Code    66  segger_rtt.o(i.SEGGER_RTT_Write)
    SEGGER_RTT_WriteNoLock                   0x0000290d   Thumb Code   128  segger_rtt.o(i.SEGGER_RTT_WriteNoLock)
    SEGGER_RTT_printf                        0x00002991   Thumb Code    36  segger_rtt_printf.o(i.SEGGER_RTT_printf)
    SEGGER_RTT_vprintf                       0x000029b5   Thumb Code   536  segger_rtt_printf.o(i.SEGGER_RTT_vprintf)
    SysMicroSecondTickEnable                 0x00002bcd   Thumb Code    10  sys_tick.o(i.SysMicroSecondTickEnable)
    SysMicroSecondTickInit                   0x00002bdd   Thumb Code    90  sys_tick.o(i.SysMicroSecondTickInit)
    SysMicroSecondTickIsEnabled              0x00002c41   Thumb Code    18  sys_tick.o(i.SysMicroSecondTickIsEnabled)
    SysSecondIrqHandler                      0x00002c59   Thumb Code    12  sys_tick.o(i.SysSecondIrqHandler)
    SysSecondTickInit                        0x00002c69   Thumb Code    98  sys_tick.o(i.SysSecondTickInit)
    SysTick_Handler                          0x00002cd1   Thumb Code     2  fm33lg0xx_it.o(i.SysTick_Handler)
    SystemCoreClockUpdate                    0x00002cd5   Thumb Code   282  system_fm33lg0xx.o(i.SystemCoreClockUpdate)
    SystemInit                               0x00002e11   Thumb Code   230  system_fm33lg0xx.o(i.SystemInit)
    UART1_IRQHandler                         0x00002fdd   Thumb Code   182  rs485.o(i.UART1_IRQHandler)
    __0sprintf                               0x0000345d   Thumb Code    36  printfa.o(i.__0sprintf)
    __1sprintf                               0x0000345d   Thumb Code     0  printfa.o(i.__0sprintf)
    __2sprintf                               0x0000345d   Thumb Code     0  printfa.o(i.__0sprintf)
    __c89sprintf                             0x0000345d   Thumb Code     0  printfa.o(i.__0sprintf)
    sprintf                                  0x0000345d   Thumb Code     0  printfa.o(i.__0sprintf)
    __ARM_clz                                0x00003485   Thumb Code    46  depilogue.o(i.__ARM_clz)
    __ARM_common_switch8                     0x000034b3   Thumb Code    28  system_fm33lg0xx.o(i.__ARM_common_switch8)
    __ARM_fpclassify                         0x000034d1   Thumb Code    40  fpclassify.o(i.__ARM_fpclassify)
    __kernel_poly                            0x000034fd   Thumb Code   172  poly.o(i.__kernel_poly)
    __mathlib_dbl_divzero                    0x000035a9   Thumb Code    16  dunder.o(i.__mathlib_dbl_divzero)
    __mathlib_dbl_infnan2                    0x000035bd   Thumb Code     8  dunder.o(i.__mathlib_dbl_infnan2)
    __mathlib_dbl_invalid                    0x000035c5   Thumb Code    16  dunder.o(i.__mathlib_dbl_invalid)
    __mathlib_dbl_overflow                   0x000035d5   Thumb Code    16  dunder.o(i.__mathlib_dbl_overflow)
    __mathlib_dbl_underflow                  0x000035e9   Thumb Code    14  dunder.o(i.__mathlib_dbl_underflow)
    __scatterload_copy                       0x000035fd   Thumb Code    14  handlers.o(i.__scatterload_copy)
    __scatterload_null                       0x0000360b   Thumb Code     2  handlers.o(i.__scatterload_null)
    __scatterload_zeroinit                   0x0000360d   Thumb Code    14  handlers.o(i.__scatterload_zeroinit)
    __set_errno                              0x0000361d   Thumb Code     6  errno.o(i.__set_errno)
    bit2dec                                  0x00003ee5   Thumb Code   334  cmdproc_at.o(i.bit2dec)
    getOwiRxQueue                            0x00004041   Thumb Code    28  owi.o(i.getOwiRxQueue)
    lib_atoint8_t                            0x00004061   Thumb Code   206  libmisc.o(i.lib_atoint8_t)
    lib_memset                               0x0000412f   Thumb Code    34  libstdc.o(i.lib_memset)
    main                                     0x00004151   Thumb Code    80  main.o(i.main)
    malloc                                   0x000041bd   Thumb Code    92  malloc.o(i.malloc)
    owiEventPoll                             0x00004229   Thumb Code   106  owi.o(i.owiEventPoll)
    owiInit                                  0x000042a1   Thumb Code   272  owi.o(i.owiInit)
    owiMode                                  0x000043c9   Thumb Code   146  owi.o(i.owiMode)
    owiReviseEEPROM                          0x00004471   Thumb Code    78  owi.o(i.owiReviseEEPROM)
    owiRxPoll                                0x000044c5   Thumb Code   216  owi.o(i.owiRxPoll)
    owiSend                                  0x000045b1   Thumb Code    60  owi.o(i.owiSend)
    owiSendByte                              0x000045ed   Thumb Code   150  owi.o(i.owiSendByte)
    owiSendDataPrefix                        0x00004683   Thumb Code    94  owi.o(i.owiSendDataPrefix)
    owiSendOne                               0x000046e1   Thumb Code    84  owi.o(i.owiSendOne)
    owiSendZero                              0x0000473d   Thumb Code    84  owi.o(i.owiSendZero)
    owiStart                                 0x00004799   Thumb Code    52  owi.o(i.owiStart)
    owiStop                                  0x000047d5   Thumb Code    36  owi.o(i.owiStop)
    owiWriteData                             0x00004801   Thumb Code    44  owi.o(i.owiWriteData)
    pow                                      0x00004835   Thumb Code  2548  pow.o(i.pow)
    qdelay_us                                0x00005231   Thumb Code    24  queue.o(i.qdelay_us)
    sqrt                                     0x00005249   Thumb Code    66  sqrt.o(i.sqrt)
    sysClockInit                             0x00005291   Thumb Code   330  sysclock.o(i.sysClockInit)
    xQueueCreate                             0x000053f5   Thumb Code    62  queue.o(i.xQueueCreate)
    xQueuePeek                               0x00005433   Thumb Code   116  queue.o(i.xQueuePeek)
    xQueueReceive                            0x000054a7   Thumb Code   246  queue.o(i.xQueueReceive)
    xQueueSend                               0x0000559d   Thumb Code   230  queue.o(i.xQueueSend)
    RSP_OK                                   0x00005682   Data           5  cmdproc_at.o(.constdata)
    RSP_ERROR                                0x00005687   Data           8  cmdproc_at.o(.constdata)
    RSP_OWISUCCESS                           0x0000568f   Data          23  cmdproc_at.o(.constdata)
    RSP_OWIFAIL                              0x000056a6   Data          20  cmdproc_at.o(.constdata)
    RSP_CRLF                                 0x000056ba   Data           3  cmdproc_at.o(.constdata)
    OWI_REGISTER_ADDRESS                     0x000056bd   Data          65  cmdproc_at.o(.constdata)
    OWI_REGISTER_INIT                        0x000056fe   Data          46  cmdproc_at.o(.constdata)
    RSP_AT_LIST                              0x0000572c   Data         386  cmdproc_at.o(.constdata)
    OWI_MODE_CMD                             0x000058ae   Data           3  owi.o(.constdata)
    __ctype_table                            0x000059a0   Data         129  ctype_o.o(.constdata)
    __mathlib_zero                           0x00005a28   Data           8  qnan.o(.constdata)
    Region$$Table$$Base                      0x00005ad8   Number         0  anon$$obj.o(Region$$Table)
    Region$$Table$$Limit                     0x00005af8   Number         0  anon$$obj.o(Region$$Table)
    ATTxDoTick                               0x20000000   Data           4  cmdproc_at.o(.data)
    owiDataRxBuff                            0x20000004   Data           5  cmdproc_at.o(.data)
    g_ulSysSecondCount                       0x2000000c   Data           4  sys_tick.o(.data)
    g_ulSysMilliSecondCount                  0x20000010   Data           4  sys_tick.o(.data)
    g_ulSysMicroSecondCount                  0x20000014   Data           4  sys_tick.o(.data)
    owiRxQueue                               0x20000024   Data           4  owi.o(.data)
    owiTxQueue                               0x20000028   Data           4  owi.o(.data)
    owiRxTickQueue                           0x2000002c   Data           4  owi.o(.data)
    ss                                       0x20000030   Data           4  owi.o(.data)
    owiTxDoTick                              0x20000034   Data           4  owi.o(.data)
    txDoTick                                 0x20000038   Data           4  owi.o(.data)
    owiIRQDoTick                             0x2000003c   Data           4  owi.o(.data)
    owiRxDataBuff                            0x20000048   Data           5  owi.o(.data)
    OWIMODEFLAG                              0x2000004d   Data           1  owi.o(.data)
    RS485RxQueue                             0x20000050   Data           4  rs485.o(.data)
    EnableRxDoTick                           0x20000054   Data           4  rs485.o(.data)
    XTLFClock                                0x20000058   Data           4  system_fm33lg0xx.o(.data)
    XTHFClock                                0x2000005c   Data           4  system_fm33lg0xx.o(.data)
    SystemCoreClock                          0x20000060   Data           4  system_fm33lg0xx.o(.data)
    __microlib_freelist                      0x20000064   Data           4  mvars.o(.data)
    __microlib_freelist_initialised          0x20000068   Data           4  mvars.o(.data)
    pRspStr                                  0x200000fc   Data         256  cmdproc_at.o(.bss)
    s_tCmd                                   0x200001fc   Data         256  cmdproc_at.o(.bss)
    owiBitDataBuff                           0x200002fc   Data          11  owi.o(.bss)
    _SEGGER_RTT                              0x20000394   Data         168  segger_rtt.o(.bss)
    __heap_base                              0x20000850   Data           0  startup_fm33lg0xx.o(HEAP)
    __heap_limit                             0x20001050   Data           0  startup_fm33lg0xx.o(HEAP)
    __initial_sp                             0x20001850   Data           0  startup_fm33lg0xx.o(STACK)



==============================================================================

Memory Map of the image

  Image Entry point : 0x000000c1

  Load Region LR_IROM1 (Base: 0x00000000, Size: 0x00005b68, Max: 0x00040000, ABSOLUTE)

    Execution Region ER_IROM1 (Exec base: 0x00000000, Load base: 0x00000000, Size: 0x00005af8, Max: 0x00040000, ABSOLUTE)

    Exec Addr    Load Addr    Size         Type   Attr      Idx    E Section Name        Object

    0x00000000   0x00000000   0x000000c0   Data   RO         1651    RESET               startup_fm33lg0xx.o
    0x000000c0   0x000000c0   0x00000000   Code   RO         4136  * .ARM.Collect$$$$00000000  mc_p.l(entry.o)
    0x000000c0   0x000000c0   0x00000004   Code   RO         4541    .ARM.Collect$$$$00000001  mc_p.l(entry2.o)
    0x000000c4   0x000000c4   0x00000004   Code   RO         4544    .ARM.Collect$$$$00000004  mc_p.l(entry5.o)
    0x000000c8   0x000000c8   0x00000000   Code   RO         4546    .ARM.Collect$$$$00000008  mc_p.l(entry7b.o)
    0x000000c8   0x000000c8   0x00000000   Code   RO         4548    .ARM.Collect$$$$0000000A  mc_p.l(entry8b.o)
    0x000000c8   0x000000c8   0x00000008   Code   RO         4549    .ARM.Collect$$$$0000000B  mc_p.l(entry9a.o)
    0x000000d0   0x000000d0   0x00000004   Code   RO         4556    .ARM.Collect$$$$0000000E  mc_p.l(entry12b.o)
    0x000000d4   0x000000d4   0x00000000   Code   RO         4551    .ARM.Collect$$$$0000000F  mc_p.l(entry10a.o)
    0x000000d4   0x000000d4   0x00000000   Code   RO         4553    .ARM.Collect$$$$00000011  mc_p.l(entry11a.o)
    0x000000d4   0x000000d4   0x00000004   Code   RO         4542    .ARM.Collect$$$$00002712  mc_p.l(entry2.o)
    0x000000d8   0x000000d8   0x0000001c   Code   RO         1652    .text               startup_fm33lg0xx.o
    0x000000f4   0x000000f4   0x0000002c   Code   RO         4139    .text               mc_p.l(uidiv.o)
    0x00000120   0x00000120   0x00000028   Code   RO         4141    .text               mc_p.l(idiv.o)
    0x00000148   0x00000148   0x00000060   Code   RO         4143    .text               mc_p.l(uldiv.o)
    0x000001a8   0x000001a8   0x00000008   Code   RO         4147    .text               mc_p.l(ctype_o.o)
    0x000001b0   0x000001b0   0x00000024   Code   RO         4175    .text               mc_p.l(memcpya.o)
    0x000001d4   0x000001d4   0x00000024   Code   RO         4177    .text               mc_p.l(memseta.o)
    0x000001f8   0x000001f8   0x0000000e   Code   RO         4183    .text               mc_p.l(strlen.o)
    0x00000206   0x00000206   0x00000012   Code   RO         4185    .text               mc_p.l(strcpy.o)
    0x00000218   0x00000218   0x0000002e   Code   RO         4191    .text               mc_p.l(strncasecmp.o)
    0x00000246   0x00000246   0x0000007c   Code   RO         4486    .text               mf_p.l(fdiv.o)
    0x000002c2   0x000002c2   0x00000002   PAD
    0x000002c4   0x000002c4   0x00000168   Code   RO         4488    .text               mf_p.l(dadd.o)
    0x0000042c   0x0000042c   0x000000d0   Code   RO         4490    .text               mf_p.l(dmul.o)
    0x000004fc   0x000004fc   0x000000f0   Code   RO         4492    .text               mf_p.l(ddiv.o)
    0x000005ec   0x000005ec   0x00000016   Code   RO         4494    .text               mf_p.l(fflti.o)
    0x00000602   0x00000602   0x0000000e   Code   RO         4496    .text               mf_p.l(ffltui.o)
    0x00000610   0x00000610   0x00000028   Code   RO         4498    .text               mf_p.l(dflti.o)
    0x00000638   0x00000638   0x00000048   Code   RO         4504    .text               mf_p.l(dfixi.o)
    0x00000680   0x00000680   0x00000028   Code   RO         4508    .text               mf_p.l(f2d.o)
    0x000006a8   0x000006a8   0x00000038   Code   RO         4510    .text               mf_p.l(d2f.o)
    0x000006e0   0x000006e0   0x00000020   Code   RO         4560    .text               mc_p.l(llshl.o)
    0x00000700   0x00000700   0x00000022   Code   RO         4562    .text               mc_p.l(llushr.o)
    0x00000722   0x00000722   0x00000026   Code   RO         4564    .text               mc_p.l(llsshr.o)
    0x00000748   0x00000748   0x0000000c   Code   RO         4566    .text               mc_p.l(tolower.o)
    0x00000754   0x00000754   0x00000000   Code   RO         4577    .text               mc_p.l(iusefp.o)
    0x00000754   0x00000754   0x00000082   Code   RO         4578    .text               mf_p.l(fepilogue.o)
    0x000007d6   0x000007d6   0x000000be   Code   RO         4580    .text               mf_p.l(depilogue.o)
    0x00000894   0x00000894   0x0000002c   Code   RO         4584    .text               mf_p.l(dscalb.o)
    0x000008c0   0x000008c0   0x00000040   Code   RO         4586    .text               mf_p.l(dfixul.o)
    0x00000900   0x00000900   0x00000028   Code   RO         4588    .text               mf_p.l(cdrcmple.o)
    0x00000928   0x00000928   0x00000024   Code   RO         4590    .text               mc_p.l(init.o)
    0x0000094c   0x0000094c   0x000000a2   Code   RO         4594    .text               mf_p.l(dsqrt.o)
    0x000009ee   0x000009ee   0x00000002   PAD
    0x000009f0   0x000009f0   0x00000044   Code   RO          474    i.BSTIM_IRQHandler  sys_tick.o
    0x00000a34   0x00000a34   0x000005f8   Code   RO          251    i.CmdParseAT        cmdproc_at.o
    0x0000102c   0x0000102c   0x0000005c   Code   RO          252    i.CmdPrintOwi       cmdproc_at.o
    0x00001088   0x00001088   0x00000030   Code   RO          253    i.CmdSendStr        cmdproc_at.o
    0x000010b8   0x000010b8   0x0000000a   Code   RO          475    i.FL_BSTIM32_Enable  sys_tick.o
    0x000010c2   0x000010c2   0x00000002   PAD
    0x000010c4   0x000010c4   0x00000110   Code   RO         2084    i.FL_BSTIM32_Init   fm33lg0xx_fl_bstim32.o
    0x000011d4   0x000011d4   0x0000000a   Code   RO         3932    i.FL_CDIF_EnableCPUToVAO  fm33lg0xx_fl_vao.o
    0x000011de   0x000011de   0x0000000a   Code   RO         3933    i.FL_CDIF_EnableVAOToCPU  fm33lg0xx_fl_vao.o
    0x000011e8   0x000011e8   0x00000010   Code   RO         3852    i.FL_CMU_DisableGroup3BusClock  fm33lg0xx_fl_uart.o
    0x000011f8   0x000011f8   0x00000010   Code   RO         3853    i.FL_CMU_DisableGroup3OperationClock  fm33lg0xx_fl_uart.o
    0x00001208   0x00001208   0x00000010   Code   RO         3854    i.FL_CMU_EnableGroup3BusClock  fm33lg0xx_fl_uart.o
    0x00001218   0x00001218   0x00000010   Code   RO         3855    i.FL_CMU_EnableGroup3OperationClock  fm33lg0xx_fl_uart.o
    0x00001228   0x00001228   0x00000078   Code   RO         2175    i.FL_CMU_GetAHBClockFreq  fm33lg0xx_fl_cmu.o
    0x000012a0   0x000012a0   0x00000078   Code   RO         2176    i.FL_CMU_GetAPBClockFreq  fm33lg0xx_fl_cmu.o
    0x00001318   0x00001318   0x000000ac   Code   RO         2177    i.FL_CMU_GetPLLClockFreq  fm33lg0xx_fl_cmu.o
    0x000013c4   0x000013c4   0x00000050   Code   RO         2178    i.FL_CMU_GetRCHFClockFreq  fm33lg0xx_fl_cmu.o
    0x00001414   0x00001414   0x0000004c   Code   RO         2179    i.FL_CMU_GetRCLFClockFreq  fm33lg0xx_fl_cmu.o
    0x00001460   0x00001460   0x00000064   Code   RO         2180    i.FL_CMU_GetSystemClockFreq  fm33lg0xx_fl_cmu.o
    0x000014c4   0x000014c4   0x00000020   Code   RO         1698    i.FL_DelayInit      fm33lg0xx_fl.o
    0x000014e4   0x000014e4   0x00000018   Code   RO         1699    i.FL_DelayMs        fm33lg0xx_fl.o
    0x000014fc   0x000014fc   0x00000044   Code   RO         1701    i.FL_DelayUs        fm33lg0xx_fl.o
    0x00001540   0x00001540   0x00000060   Code   RO         2450    i.FL_EXTI_CommonInit  fm33lg0xx_fl_exti.o
    0x000015a0   0x000015a0   0x000001bc   Code   RO         2453    i.FL_EXTI_Init      fm33lg0xx_fl_exti.o
    0x0000175c   0x0000175c   0x00000008   Code   RO         2455    i.FL_GPIO_ClearFlag_EXTI  fm33lg0xx_fl_exti.o
    0x00001764   0x00001764   0x0000000c   Code   RO         2456    i.FL_GPIO_DisableDigitalFilter  fm33lg0xx_fl_exti.o
    0x00001770   0x00001770   0x0000000a   Code   RO         2825    i.FL_GPIO_DisablePinAnalogSwitch  fm33lg0xx_fl_gpio.o
    0x0000177a   0x0000177a   0x0000000a   Code   RO         2826    i.FL_GPIO_DisablePinInput  fm33lg0xx_fl_gpio.o
    0x00001784   0x00001784   0x0000000a   Code   RO         2827    i.FL_GPIO_DisablePinOpenDrain  fm33lg0xx_fl_gpio.o
    0x0000178e   0x0000178e   0x0000000a   Code   RO         2828    i.FL_GPIO_DisablePinPullup  fm33lg0xx_fl_gpio.o
    0x00001798   0x00001798   0x0000000a   Code   RO         2829    i.FL_GPIO_DisablePinRemap  fm33lg0xx_fl_gpio.o
    0x000017a2   0x000017a2   0x00000016   Code   RO          633    i.FL_GPIO_GetInputPin  owi.o
    0x000017b8   0x000017b8   0x000001e8   Code   RO         2830    i.FL_GPIO_Init      fm33lg0xx_fl_gpio.o
    0x000019a0   0x000019a0   0x0000000a   Code   RO          634    i.FL_GPIO_ResetOutputPin  owi.o
    0x000019aa   0x000019aa   0x0000000a   Code   RO          768    i.FL_GPIO_ResetOutputPin  rs485.o
    0x000019b4   0x000019b4   0x0000000c   Code   RO         2457    i.FL_GPIO_SetExtiLine0  fm33lg0xx_fl_exti.o
    0x000019c0   0x000019c0   0x0000000c   Code   RO         2458    i.FL_GPIO_SetExtiLine1  fm33lg0xx_fl_exti.o
    0x000019cc   0x000019cc   0x0000000e   Code   RO         2459    i.FL_GPIO_SetExtiLine10  fm33lg0xx_fl_exti.o
    0x000019da   0x000019da   0x0000000e   Code   RO         2460    i.FL_GPIO_SetExtiLine11  fm33lg0xx_fl_exti.o
    0x000019e8   0x000019e8   0x0000000e   Code   RO         2461    i.FL_GPIO_SetExtiLine12  fm33lg0xx_fl_exti.o
    0x000019f6   0x000019f6   0x0000000e   Code   RO         2462    i.FL_GPIO_SetExtiLine13  fm33lg0xx_fl_exti.o
    0x00001a04   0x00001a04   0x0000000e   Code   RO         2463    i.FL_GPIO_SetExtiLine14  fm33lg0xx_fl_exti.o
    0x00001a12   0x00001a12   0x0000000c   Code   RO         2464    i.FL_GPIO_SetExtiLine15  fm33lg0xx_fl_exti.o
    0x00001a1e   0x00001a1e   0x0000000c   Code   RO         2465    i.FL_GPIO_SetExtiLine16  fm33lg0xx_fl_exti.o
    0x00001a2a   0x00001a2a   0x0000000c   Code   RO         2466    i.FL_GPIO_SetExtiLine17  fm33lg0xx_fl_exti.o
    0x00001a36   0x00001a36   0x0000000c   Code   RO         2467    i.FL_GPIO_SetExtiLine18  fm33lg0xx_fl_exti.o
    0x00001a42   0x00001a42   0x0000000c   Code   RO         2468    i.FL_GPIO_SetExtiLine2  fm33lg0xx_fl_exti.o
    0x00001a4e   0x00001a4e   0x0000000c   Code   RO         2469    i.FL_GPIO_SetExtiLine3  fm33lg0xx_fl_exti.o
    0x00001a5a   0x00001a5a   0x0000000e   Code   RO         2470    i.FL_GPIO_SetExtiLine4  fm33lg0xx_fl_exti.o
    0x00001a68   0x00001a68   0x0000000e   Code   RO         2471    i.FL_GPIO_SetExtiLine5  fm33lg0xx_fl_exti.o
    0x00001a76   0x00001a76   0x0000000e   Code   RO         2472    i.FL_GPIO_SetExtiLine6  fm33lg0xx_fl_exti.o
    0x00001a84   0x00001a84   0x0000000e   Code   RO         2473    i.FL_GPIO_SetExtiLine7  fm33lg0xx_fl_exti.o
    0x00001a92   0x00001a92   0x0000000e   Code   RO         2474    i.FL_GPIO_SetExtiLine8  fm33lg0xx_fl_exti.o
    0x00001aa0   0x00001aa0   0x0000000e   Code   RO         2475    i.FL_GPIO_SetExtiLine9  fm33lg0xx_fl_exti.o
    0x00001aae   0x00001aae   0x0000000a   Code   RO          635    i.FL_GPIO_SetOutputPin  owi.o
    0x00001ab8   0x00001ab8   0x0000001a   Code   RO         2831    i.FL_GPIO_SetPinMode  fm33lg0xx_fl_gpio.o
    0x00001ad2   0x00001ad2   0x0000001a   Code   RO         2476    i.FL_GPIO_SetTriggerEdge0  fm33lg0xx_fl_exti.o
    0x00001aec   0x00001aec   0x0000001a   Code   RO         2477    i.FL_GPIO_SetTriggerEdge1  fm33lg0xx_fl_exti.o
    0x00001b06   0x00001b06   0x00000002   PAD
    0x00001b08   0x00001b08   0x0000001c   Code   RO         2832    i.FL_GPIO_StructInit  fm33lg0xx_fl_gpio.o
    0x00001b24   0x00001b24   0x0000000c   Code   RO         3294    i.FL_LPTIM32_EnableETRFilter  fm33lg0xx_fl_lptim32.o
    0x00001b30   0x00001b30   0x00000244   Code   RO         3297    i.FL_LPTIM32_Init   fm33lg0xx_fl_lptim32.o
    0x00001d74   0x00001d74   0x0000000c   Code   RO         3301    i.FL_LPTIM32_SetETRCountEdge  fm33lg0xx_fl_lptim32.o
    0x00001d80   0x00001d80   0x0000000c   Code   RO         3302    i.FL_LPTIM32_SetETRTriggerEdge  fm33lg0xx_fl_lptim32.o
    0x00001d8c   0x00001d8c   0x00000048   Code   RO         1704    i.FL_NVIC_Init      fm33lg0xx_fl.o
    0x00001dd4   0x00001dd4   0x00000008   Code   RO         4062    i.FL_PMU_ClearFlag_WakeupPIN  fm33lg0xx_it.o
    0x00001ddc   0x00001ddc   0x0000001a   Code   RO         4063    i.FL_PMU_IsActiveFlag_WakeupPIN  fm33lg0xx_it.o
    0x00001df6   0x00001df6   0x00000022   Code   RO         3856    i.FL_RMU_DisableResetAPBPeripheral  fm33lg0xx_fl_uart.o
    0x00001e18   0x00001e18   0x00000022   Code   RO         3857    i.FL_RMU_EnableResetAPBPeripheral  fm33lg0xx_fl_uart.o
    0x00001e3a   0x00001e3a   0x00000002   PAD
    0x00001e3c   0x00001e3c   0x00000110   Code   RO         3858    i.FL_UART_DeInit    fm33lg0xx_fl_uart.o
    0x00001f4c   0x00001f4c   0x0000000c   Code   RO          769    i.FL_UART_EnableIT_RXBuffFull  rs485.o
    0x00001f58   0x00001f58   0x000002e4   Code   RO         3861    i.FL_UART_Init      fm33lg0xx_fl_uart.o
    0x0000223c   0x0000223c   0x0000000a   Code   RO          770    i.FL_UART_ReadRXBuff  rs485.o
    0x00002246   0x00002246   0x0000001c   Code   RO         3862    i.FL_UART_StructInit  fm33lg0xx_fl_uart.o
    0x00002262   0x00002262   0x00000002   PAD
    0x00002264   0x00002264   0x00000120   Code   RO         3937    i.FL_VAO_XTLF_Init  fm33lg0xx_fl_vao.o
    0x00002384   0x00002384   0x0000002c   Code   RO         4064    i.GPIO_IRQHandler   fm33lg0xx_it.o
    0x000023b0   0x000023b0   0x00000028   Code   RO          476    i.GetMicroSecondCount  sys_tick.o
    0x000023d8   0x000023d8   0x00000038   Code   RO          477    i.GetMilliSecondCount  sys_tick.o
    0x00002410   0x00002410   0x00000004   Code   RO         4065    i.HardFault_Handler  fm33lg0xx_it.o
    0x00002414   0x00002414   0x00000010   Code   RO          479    i.JudgmentTimeout   sys_tick.o
    0x00002424   0x00002424   0x00000034   Code   RO          480    i.LPTIM_IRQHandler  sys_tick.o
    0x00002458   0x00002458   0x00000018   Code   RO          583    i.MF_CMU_XTLF_Init  sysclock.o
    0x00002470   0x00002470   0x00000044   Code   RO          584    i.MF_SWD_IO_Init    sysclock.o
    0x000024b4   0x000024b4   0x00000034   Code   RO         4066    i.NMI_Handler       fm33lg0xx_it.o
    0x000024e8   0x000024e8   0x00000078   Code   RO          636    i.NVIC_SetPriority  owi.o
    0x00002560   0x00002560   0x00000078   Code   RO         1705    i.NVIC_SetPriority  fm33lg0xx_fl.o
    0x000025d8   0x000025d8   0x00000054   Code   RO          637    i.OWI_IRQHandler    owi.o
    0x0000262c   0x0000262c   0x0000005c   Code   RO          771    i.RS485_CheckRxPoll  rs485.o
    0x00002688   0x00002688   0x0000003c   Code   RO          773    i.RS485_EnableRx    rs485.o
    0x000026c4   0x000026c4   0x0000000c   Code   RO          778    i.RS485_GetRxQueue  rs485.o
    0x000026d0   0x000026d0   0x00000084   Code   RO          779    i.RS485_Init        rs485.o
    0x00002754   0x00002754   0x0000008c   Code   RO          782    i.RS485_Send        rs485.o
    0x000027e0   0x000027e0   0x000000a8   Code   RO          783    i.RS485_SetParam    rs485.o
    0x00002888   0x00002888   0x00000010   Code   RO          785    i.RS485_memset      rs485.o
    0x00002898   0x00002898   0x00000024   Code   RO         4067    i.RTC_IRQHandler    fm33lg0xx_it.o
    0x000028bc   0x000028bc   0x00000008   Code   RO          993    i.SEGGER_RTT_Init   segger_rtt.o
    0x000028c4   0x000028c4   0x00000048   Code   RO         1008    i.SEGGER_RTT_Write  segger_rtt.o
    0x0000290c   0x0000290c   0x00000084   Code   RO         1011    i.SEGGER_RTT_WriteNoLock  segger_rtt.o
    0x00002990   0x00002990   0x00000024   Code   RO         1219    i.SEGGER_RTT_printf  segger_rtt_printf.o
    0x000029b4   0x000029b4   0x00000218   Code   RO         1220    i.SEGGER_RTT_vprintf  segger_rtt_printf.o
    0x00002bcc   0x00002bcc   0x00000010   Code   RO          483    i.SysMicroSecondTickEnable  sys_tick.o
    0x00002bdc   0x00002bdc   0x00000064   Code   RO          484    i.SysMicroSecondTickInit  sys_tick.o
    0x00002c40   0x00002c40   0x00000018   Code   RO          485    i.SysMicroSecondTickIsEnabled  sys_tick.o
    0x00002c58   0x00002c58   0x00000010   Code   RO          486    i.SysSecondIrqHandler  sys_tick.o
    0x00002c68   0x00002c68   0x00000068   Code   RO          487    i.SysSecondTickInit  sys_tick.o
    0x00002cd0   0x00002cd0   0x00000002   Code   RO         4068    i.SysTick_Handler   fm33lg0xx_it.o
    0x00002cd2   0x00002cd2   0x00000002   PAD
    0x00002cd4   0x00002cd4   0x0000013c   Code   RO         1658    i.SystemCoreClockUpdate  system_fm33lg0xx.o
    0x00002e10   0x00002e10   0x000000fc   Code   RO         1659    i.SystemInit        system_fm33lg0xx.o
    0x00002f0c   0x00002f0c   0x000000d0   Code   RO         1660    i.SystemPLLClockUpdate  system_fm33lg0xx.o
    0x00002fdc   0x00002fdc   0x000000c0   Code   RO          786    i.UART1_IRQHandler  rs485.o
    0x0000309c   0x0000309c   0x00000070   Code   RO         1015    i._DoInit           segger_rtt.o
    0x0000310c   0x0000310c   0x0000001c   Code   RO         1016    i._GetAvailWriteSpace  segger_rtt.o
    0x00003128   0x00003128   0x0000010e   Code   RO         1221    i._PrintInt         segger_rtt_printf.o
    0x00003236   0x00003236   0x00000002   PAD
    0x00003238   0x00003238   0x0000011c   Code   RO         1222    i._PrintUnsigned    segger_rtt_printf.o
    0x00003354   0x00003354   0x00000044   Code   RO         1223    i._StoreChar        segger_rtt_printf.o
    0x00003398   0x00003398   0x0000007a   Code   RO         1018    i._WriteBlocking    segger_rtt.o
    0x00003412   0x00003412   0x0000004a   Code   RO         1019    i._WriteNoCheck     segger_rtt.o
    0x0000345c   0x0000345c   0x00000028   Code   RO         4428    i.__0sprintf        mc_p.l(printfa.o)
    0x00003484   0x00003484   0x0000002e   Code   RO         4582    i.__ARM_clz         mf_p.l(depilogue.o)
    0x000034b2   0x000034b2   0x0000001c   Code   RO         1687    i.__ARM_common_switch8  system_fm33lg0xx.o
    0x000034ce   0x000034ce   0x00000002   PAD
    0x000034d0   0x000034d0   0x0000002c   Code   RO         4528    i.__ARM_fpclassify  m_ps.l(fpclassify.o)
    0x000034fc   0x000034fc   0x000000ac   Code   RO         4530    i.__kernel_poly     m_ps.l(poly.o)
    0x000035a8   0x000035a8   0x00000014   Code   RO         4514    i.__mathlib_dbl_divzero  m_ps.l(dunder.o)
    0x000035bc   0x000035bc   0x00000008   Code   RO         4516    i.__mathlib_dbl_infnan2  m_ps.l(dunder.o)
    0x000035c4   0x000035c4   0x00000010   Code   RO         4517    i.__mathlib_dbl_invalid  m_ps.l(dunder.o)
    0x000035d4   0x000035d4   0x00000014   Code   RO         4518    i.__mathlib_dbl_overflow  m_ps.l(dunder.o)
    0x000035e8   0x000035e8   0x00000014   Code   RO         4520    i.__mathlib_dbl_underflow  m_ps.l(dunder.o)
    0x000035fc   0x000035fc   0x0000000e   Code   RO         4600    i.__scatterload_copy  mc_p.l(handlers.o)
    0x0000360a   0x0000360a   0x00000002   Code   RO         4601    i.__scatterload_null  mc_p.l(handlers.o)
    0x0000360c   0x0000360c   0x0000000e   Code   RO         4602    i.__scatterload_zeroinit  mc_p.l(handlers.o)
    0x0000361a   0x0000361a   0x00000002   PAD
    0x0000361c   0x0000361c   0x0000000c   Code   RO         4572    i.__set_errno       mc_p.l(errno.o)
    0x00003628   0x00003628   0x00000174   Code   RO         4433    i._fp_digits        mc_p.l(printfa.o)
    0x0000379c   0x0000379c   0x000006f0   Code   RO         4434    i._printf_core      mc_p.l(printfa.o)
    0x00003e8c   0x00003e8c   0x00000020   Code   RO         4435    i._printf_post_padding  mc_p.l(printfa.o)
    0x00003eac   0x00003eac   0x0000002c   Code   RO         4436    i._printf_pre_padding  mc_p.l(printfa.o)
    0x00003ed8   0x00003ed8   0x0000000a   Code   RO         4438    i._sputc            mc_p.l(printfa.o)
    0x00003ee2   0x00003ee2   0x00000002   PAD
    0x00003ee4   0x00003ee4   0x0000015c   Code   RO          254    i.bit2dec           cmdproc_at.o
    0x00004040   0x00004040   0x00000020   Code   RO          638    i.getOwiRxQueue     owi.o
    0x00004060   0x00004060   0x000000ce   Code   RO         1328    i.lib_atoint8_t     libmisc.o
    0x0000412e   0x0000412e   0x00000022   Code   RO         1523    i.lib_memset        libstdc.o
    0x00004150   0x00004150   0x0000006c   Code   RO            3    i.main              main.o
    0x000041bc   0x000041bc   0x0000006c   Code   RO         4455    i.malloc            mc_p.l(malloc.o)
    0x00004228   0x00004228   0x00000078   Code   RO          639    i.owiEventPoll      owi.o
    0x000042a0   0x000042a0   0x00000128   Code   RO          640    i.owiInit           owi.o
    0x000043c8   0x000043c8   0x000000a8   Code   RO          641    i.owiMode           owi.o
    0x00004470   0x00004470   0x00000054   Code   RO          642    i.owiReviseEEPROM   owi.o
    0x000044c4   0x000044c4   0x000000ec   Code   RO          643    i.owiRxPoll         owi.o
    0x000045b0   0x000045b0   0x0000003c   Code   RO          644    i.owiSend           owi.o
    0x000045ec   0x000045ec   0x00000096   Code   RO          645    i.owiSendByte       owi.o
    0x00004682   0x00004682   0x0000005e   Code   RO          646    i.owiSendDataPrefix  owi.o
    0x000046e0   0x000046e0   0x0000005c   Code   RO          647    i.owiSendOne        owi.o
    0x0000473c   0x0000473c   0x0000005c   Code   RO          648    i.owiSendZero       owi.o
    0x00004798   0x00004798   0x0000003c   Code   RO          649    i.owiStart          owi.o
    0x000047d4   0x000047d4   0x0000002c   Code   RO          650    i.owiStop           owi.o
    0x00004800   0x00004800   0x00000034   Code   RO          651    i.owiWriteData      owi.o
    0x00004834   0x00004834   0x000009fc   Code   RO         4127    i.pow               m_ps.l(pow.o)
    0x00005230   0x00005230   0x00000018   Code   RO         1585    i.qdelay_us         queue.o
    0x00005248   0x00005248   0x00000048   Code   RO         4534    i.sqrt              m_ps.l(sqrt.o)
    0x00005290   0x00005290   0x00000164   Code   RO          585    i.sysClockInit      sysclock.o
    0x000053f4   0x000053f4   0x0000003e   Code   RO         1588    i.xQueueCreate      queue.o
    0x00005432   0x00005432   0x00000074   Code   RO         1589    i.xQueuePeek        queue.o
    0x000054a6   0x000054a6   0x000000f6   Code   RO         1590    i.xQueueReceive     queue.o
    0x0000559c   0x0000559c   0x000000e6   Code   RO         1591    i.xQueueSend        queue.o
    0x00005682   0x00005682   0x0000022c   Data   RO          256    .constdata          cmdproc_at.o
    0x000058ae   0x000058ae   0x00000003   Data   RO          653    .constdata          owi.o
    0x000058b1   0x000058b1   0x00000010   Data   RO         1224    .constdata          segger_rtt_printf.o
    0x000058c1   0x000058c1   0x00000003   PAD
    0x000058c4   0x000058c4   0x00000054   Data   RO         2478    .constdata          fm33lg0xx_fl_exti.o
    0x00005918   0x00005918   0x00000088   Data   RO         4128    .constdata          m_ps.l(pow.o)
    0x000059a0   0x000059a0   0x00000081   Data   RO         4148    .constdata          mc_p.l(ctype_o.o)
    0x00005a21   0x00005a21   0x00000003   PAD
    0x00005a24   0x00005a24   0x00000004   Data   RO         4149    .constdata          mc_p.l(ctype_o.o)
    0x00005a28   0x00005a28   0x00000008   Data   RO         4532    .constdata          m_ps.l(qnan.o)
    0x00005a30   0x00005a30   0x000000a7   Data   RO          257    .conststring        cmdproc_at.o
    0x00005ad7   0x00005ad7   0x00000001   PAD
    0x00005ad8   0x00005ad8   0x00000020   Data   RO         4598    Region$$Table       anon$$obj.o


    Execution Region RW_IRAM1 (Exec base: 0x20000000, Load base: 0x00005af8, Size: 0x00001850, Max: 0x00008000, ABSOLUTE)

    Exec Addr    Load Addr    Size         Type   Attr      Idx    E Section Name        Object

    0x20000000   0x00005af8   0x00000009   Data   RW          258    .data               cmdproc_at.o
    0x20000009   0x00005b01   0x00000003   PAD
    0x2000000c   0x00005b04   0x00000018   Data   RW          488    .data               sys_tick.o
    0x20000024   0x00005b1c   0x0000002a   Data   RW          654    .data               owi.o
    0x2000004e   0x00005b46   0x00000002   PAD
    0x20000050   0x00005b48   0x00000008   Data   RW          788    .data               rs485.o
    0x20000058   0x00005b50   0x0000000c   Data   RW         1661    .data               system_fm33lg0xx.o
    0x20000064   0x00005b5c   0x00000004   Data   RW         4568    .data               mc_p.l(mvars.o)
    0x20000068   0x00005b60   0x00000004   Data   RW         4569    .data               mc_p.l(mvars.o)
    0x2000006c   0x00005b64   0x00000004   Data   RW         4573    .data               mc_p.l(errno.o)
    0x20000070        -       0x0000008c   Zero   RW            5    .bss                main.o
    0x200000fc        -       0x00000200   Zero   RW          255    .bss                cmdproc_at.o
    0x200002fc        -       0x0000000b   Zero   RW          652    .bss                owi.o
    0x20000307   0x00005b68   0x00000001   PAD
    0x20000308        -       0x0000008c   Zero   RW          787    .bss                rs485.o
    0x20000394        -       0x000004b8   Zero   RW         1020    .bss                segger_rtt.o
    0x2000084c   0x00005b68   0x00000004   PAD
    0x20000850        -       0x00000800   Zero   RW         1650    HEAP                startup_fm33lg0xx.o
    0x20001050        -       0x00000800   Zero   RW         1649    STACK               startup_fm33lg0xx.o


==============================================================================

Image component sizes


      Code (inc. data)   RO Data    RW Data    ZI Data      Debug   Object Name

      2016        436        723          9        512       5720   cmdproc_at.o
       316         32          0          0          0       3472   fm33lg0xx_fl.o
         0          0          0          0          0       6160   fm33lg0xx_fl_adc.o
       272          8          0          0          0      29842   fm33lg0xx_fl_bstim32.o
       668         82          0          0          0      28359   fm33lg0xx_fl_cmu.o
         0          0          0          0          0      23848   fm33lg0xx_fl_comp.o
       862         30         84          0          0      65208   fm33lg0xx_fl_exti.o
       592         24          0          0          0      24140   fm33lg0xx_fl_gpio.o
       616         10          0          0          0      41010   fm33lg0xx_fl_lptim32.o
      1172         72          0          0          0      43689   fm33lg0xx_fl_uart.o
       308         10          0          0          0      12311   fm33lg0xx_fl_vao.o
       172         18          0          0          0      40807   fm33lg0xx_it.o
       206          0          0          0          0       1344   libmisc.o
        34          0          0          0          0        693   libstdc.o
       108         28          0          0        140      39618   main.o
      1826        152          3         42         11      37575   owi.o
       678          0          0          0          0       4369   queue.o
       844         68          0          8        140      44391   rs485.o
       548         48          0          0       1208       8956   segger_rtt.o
      1194          4         16          0          0       5885   segger_rtt_printf.o
        28          8        192          0       4096        728   startup_fm33lg0xx.o
       502         68          0         24          0      25817   sys_tick.o
       448         36          0          0          0      63639   sysclock.o
       804        102          0         12          0       2407   system_fm33lg0xx.o

    ----------------------------------------------------------------------
     14228       1236       1054        100       6112     559988   Object Totals
         0          0         32          0          0          0   (incl. Generated)
        14          0          4          5          5          0   (incl. Padding)

    ----------------------------------------------------------------------

      Code (inc. data)   RO Data    RW Data    ZI Data      Debug   Library Member Name

        84         14          0          0          0        340   dunder.o
        44          4          0          0          0         60   fpclassify.o
       172          0          0          0          0         76   poly.o
      2556        196        136          0          0        240   pow.o
         0          0          8          0          0          0   qnan.o
        72          6          0          0          0         76   sqrt.o
         8          4        133          0          0         60   ctype_o.o
         0          0          0          0          0          0   entry.o
         0          0          0          0          0          0   entry10a.o
         0          0          0          0          0          0   entry11a.o
         4          0          0          0          0          0   entry12b.o
         8          4          0          0          0          0   entry2.o
         4          0          0          0          0          0   entry5.o
         0          0          0          0          0          0   entry7b.o
         0          0          0          0          0          0   entry8b.o
         8          4          0          0          0          0   entry9a.o
        12          6          0          4          0         60   errno.o
        30          0          0          0          0          0   handlers.o
        40          0          0          0          0         72   idiv.o
        36          8          0          0          0         68   init.o
         0          0          0          0          0          0   iusefp.o
        32          0          0          0          0         68   llshl.o
        38          0          0          0          0         68   llsshr.o
        34          0          0          0          0         68   llushr.o
       108         16          0          0          0         76   malloc.o
        36          0          0          0          0         60   memcpya.o
        36          0          0          0          0        100   memseta.o
         0          0          0          8          0          0   mvars.o
      2274         94          0          0          0        472   printfa.o
        18          0          0          0          0         60   strcpy.o
        14          0          0          0          0         60   strlen.o
        46          0          0          0          0         76   strncasecmp.o
        12          0          0          0          0         60   tolower.o
        44          0          0          0          0         72   uidiv.o
        96          0          0          0          0         84   uldiv.o
        40          2          0          0          0         68   cdrcmple.o
        56          0          0          0          0         68   d2f.o
       360          6          0          0          0        140   dadd.o
       240          6          0          0          0         84   ddiv.o
       236          0          0          0          0        216   depilogue.o
        72         10          0          0          0         72   dfixi.o
        64         10          0          0          0         68   dfixul.o
        40          6          0          0          0         68   dflti.o
       208          6          0          0          0         88   dmul.o
        44          0          0          0          0         72   dscalb.o
       162          0          0          0          0         80   dsqrt.o
        40          0          0          0          0         60   f2d.o
       124          0          0          0          0         72   fdiv.o
       130          0          0          0          0        144   fepilogue.o
        22          0          0          0          0         68   fflti.o
        14          0          0          0          0         68   ffltui.o

    ----------------------------------------------------------------------
      7726        402        280         12          0       3812   Library Totals
         8          0          3          0          0          0   (incl. Padding)

    ----------------------------------------------------------------------

      Code (inc. data)   RO Data    RW Data    ZI Data      Debug   Library Name

      2928        220        144          0          0        792   m_ps.l
      2938        136        133         12          0       1584   mc_p.l
      1852         46          0          0          0       1436   mf_p.l

    ----------------------------------------------------------------------
      7726        402        280         12          0       3812   Library Totals

    ----------------------------------------------------------------------

==============================================================================


      Code (inc. data)   RO Data    RW Data    ZI Data      Debug   

     21954       1638       1334        112       6112     556024   Grand Totals
     21954       1638       1334        112       6112     556024   ELF Image Totals
     21954       1638       1334        112          0          0   ROM Totals

==============================================================================

    Total RO  Size (Code + RO Data)                23288 (  22.74kB)
    Total RW  Size (RW Data + ZI Data)              6224 (   6.08kB)
    Total ROM Size (Code + RO Data + RW Data)      23400 (  22.85kB)

==============================================================================

